resuming: 7 ids already processed
[2] merged -> Bride
[3] merged -> Brimstone
[8] merged -> Born of Blood and Ash
[14] merged -> Gold
    403 — cooling off 60s (attempt 1)
    403 — cooling off 120s (attempt 2)
    403 — cooling off 180s (attempt 3)
[16] HTTP 403 (will retry on a later run)
    403 — cooling off 60s (attempt 1)
    403 — cooling off 120s (attempt 2)
    403 — cooling off 180s (attempt 3)
[17] HTTP 403 (will retry on a later run)
    403 — cooling off 60s (attempt 1)
    403 — cooling off 120s (attempt 2)
[18] merged -> House of Beating Wings
[20] merged -> House of Flame and Shadow
[21] merged -> Mate
[22] merged -> Quicksilver
[23] merged -> Onyx Storm
[24] merged -> The Floating World
[25] merged -> The Ballad of Falling Dragons
[27] merged -> Restless Stars
[28] merged -> The Knight and the Moth
[29] merged -> The Games Gods Play
[30] NEW: The Raven at the Ash Door by K.A. Linde (6 tropes, spice Explicit)
[31] merged -> The Robin on the Oak Throne
    403 — cooling off 60s (attempt 1)
    403 — cooling off 120s (attempt 2)
    403 — cooling off 180s (attempt 3)
[32] HTTP 403 (will retry on a later run)
    403 — cooling off 60s (attempt 1)
    403 — cooling off 120s (attempt 2)
[33] merged -> Wild Reverence
[35] merged -> When the Moon Hatched
[38] merged -> Lothaire
[39] merged -> The Sweetest Oblivion
[40] merged -> Tithe
[41] merged -> A Court of Silver Flames
[42] merged -> A Court of Wings and Ruin
[43] merged -> A Crown This Cold and Heavy
[44] merged -> A Curse for True Love
[45] merged -> A Deadly Education
[46] merged -> A Game of Fate
    403 — cooling off 60s (attempt 1)
    403 — cooling off 120s (attempt 2)
    403 — cooling off 180s (attempt 3)
[47] HTTP 403 (will retry on a later run)
    403 — cooling off 60s (attempt 1)
    403 — cooling off 120s (attempt 2)
    403 — cooling off 180s (attempt 3)
[48] HTTP 403 (will retry on a later run)
    403 — cooling off 60s (attempt 1)
    403 — cooling off 120s (attempt 2)
[49] merged -> A Game of Gods
[50] merged -> A Game of Retribution
[51] merged -> A Marvellous Light
[52] merged -> A Power Unbound
[53] merged -> A Soul of Ash and Blood
[55] merged -> A Restless Truth
[56] merged -> A Touch Of Ruin
[57] merged -> A Touch of Darkness
[58] merged -> Assistant to the Villain
[59] merged -> All your perfects
[60] merged -> A Touch of Malice
[61] merged -> Barbarian Alien
[62] merged -> Barbarian Lover
    403 — cooling off 60s (attempt 1)
    403 — cooling off 120s (attempt 2)
    403 — cooling off 180s (attempt 3)
[63] HTTP 403 (will retry on a later run)
    403 — cooling off 60s (attempt 1)
    403 — cooling off 120s (attempt 2)
    403 — cooling off 180s (attempt 3)
[64] HTTP 403 (will retry on a later run)
    403 — cooling off 60s (attempt 1)
    403 — cooling off 120s (attempt 2)
[65] merged -> Book of Night
[66] merged -> Bloodfever
[67] merged -> Bloody Heart: Illustrated Edition
[68] merged -> Bound by Duty
[69] merged -> Bound by Hatred
[70] merged -> Bound by Honor
[71] merged -> Bound by Temptation
[72] merged -> Bound by Vengeance
[73] merged -> Bully
[74] merged -> Broken Vow
[75] merged -> By a Thread
[76] merged -> Brutal Prince
[77] NEW: Capturing the Devil by Kerri Maniscalco (3 tropes, spice Tame)
[78] NEW: Check and Mate by Ali Hazelwood (7 tropes, spice Tame)
    403 — cooling off 60s (attempt 1)
    403 — cooling off 120s (attempt 2)
    403 — cooling off 180s (attempt 3)
[79] HTTP 403 (will retry on a later run)
    403 — cooling off 60s (attempt 1)
    403 — cooling off 120s (attempt 2)
    403 — cooling off 180s (attempt 3)
[80] HTTP 403 (will retry on a later run)
    403 — cooling off 60s (attempt 1)
    403 — cooling off 120s (attempt 2)
[82] merged -> Confess
[83] merged -> Conclave
[84] merged -> Corrupt
[85] merged -> Crown of Midnight
[86] merged -> Divine Rivals
[89] merged -> Crooked Kingdom
[90] merged -> Emily Wilde's Encyclopaedia of Faeries
[91] merged -> Dreamfever
[93] merged -> Emily Wilde’s Map of the Otherlands
[94] merged -> Empire of Storms
    403 — cooling off 60s (attempt 1)
    403 — cooling off 120s (attempt 2)
    403 — cooling off 180s (attempt 3)
[95] HTTP 403 (will retry on a later run)
    403 — cooling off 60s (attempt 1)
    403 — cooling off 120s (attempt 2)
    403 — cooling off 180s (attempt 3)
[96] HTTP 403 (will retry on a later run)
    403 — cooling off 60s (attempt 1)
    403 — cooling off 120s (attempt 2)
[97] merged -> Escaping from Houdini
[98] NEW: Finally Mine by Lucy Score (5 tropes, spice Explicit)
[99] merged -> Finale
[100] merged -> Finding Cinderella
[101] merged -> From Blood and Ash
[102] merged -> Forever Never
[103] merged -> Gild
[104] merged -> Happy Place
[105] merged -> Gleam
[106] merged -> Fire Night
[107] merged -> Glint
[108] merged -> Haunting Adeline
[109] merged -> Glow
[110] merged -> Heart Bones
    403 — cooling off 60s (attempt 1)
    403 — cooling off 120s (attempt 2)
    403 — cooling off 180s (attempt 3)
[111] HTTP 403 (will retry on a later run)
    403 — cooling off 60s (attempt 1)
    403 — cooling off 120s (attempt 2)
    403 — cooling off 180s (attempt 3)
[112] HTTP 403 (will retry on a later run)
    403 — cooling off 60s (attempt 1)
    403 — cooling off 120s (attempt 2)
[113] merged -> Hideaway
[115] merged -> Heir of Fire
[116] merged -> House of Sky and Breath
[117] merged -> Hell Bent
[118] NEW: How the King of Elfhame Learned to Hate Stories by Holly Black (5 tropes, spice Tame)
[119] merged -> House of Earth and Blood
[120] merged -> Hunting Adeline
[121] merged -> Hunting Prince Dracula
[122] merged -> Ice Planet Barbarians
[123] merged -> Icebreaker
[125] merged -> Iron Flame
[126] merged -> Ironside
    403 — cooling off 60s (attempt 1)
    403 — cooling off 120s (attempt 2)
    403 — cooling off 180s (attempt 3)
[127] HTTP 403 (will retry on a later run)
    403 — cooling off 60s (attempt 1)
    403 — cooling off 120s (attempt 2)
    403 — cooling off 180s (attempt 3)
[128] HTTP 403 (will retry on a later run)
    403 — cooling off 60s (attempt 1)
    403 — cooling off 120s (attempt 2)
[129] merged -> King of Battle and Blood
[130] merged -> King of Greed
[131] merged -> King of Pride
[132] merged -> King of Sloth
[133] NEW: King of Wrath by Ana Huang (8 tropes, spice Explicit)
[134] merged -> King of Scars
[136] merged -> Layla
[137] merged -> Kingdom of the Feared
[138] merged -> Kingdom of Ash
[139] merged -> Kingdom of the Cursed
[140] merged -> Legendary
[141] merged -> Losing Hope
[142] NEW: Lightlark by Alex Aster (7 tropes, spice Tame)
    403 — cooling off 60s (attempt 1)
    403 — cooling off 120s (attempt 2)
    403 — cooling off 180s (attempt 3)
[143] HTTP 403 (will retry on a later run)
    403 — cooling off 60s (attempt 1)
    403 — cooling off 120s (attempt 2)
    403 — cooling off 180s (attempt 3)
[144] HTTP 403 (will retry on a later run)
    403 — cooling off 60s (attempt 1)
    403 — cooling off 120s (attempt 2)
[145] merged -> Love on the Brain
[146] merged -> Magic Bleeds
[147] merged -> Magic Burns
[148] merged -> Maggie Moves On
[149] merged -> Magic Slays
[150] merged -> Magic Strikes
[151] merged -> Maybe Not
[152] NEW: Masters of Death by Olivie Blake (7 tropes, spice Tame)
[153] merged -> Maybe Now
[154] merged -> Maybe someday
[155] NEW: Mr. Fixer Upper by Lucy Score (5 tropes, spice Tame)
[156] merged -> Nightfall
[157] merged -> No More Secrets
    403 — cooling off 60s (attempt 1)
    403 — cooling off 120s (attempt 2)
    403 — cooling off 180s (attempt 3)
[159] HTTP 403 (will retry on a later run)
    403 — cooling off 60s (attempt 1)
    403 — cooling off 120s (attempt 2)
    403 — cooling off 180s (attempt 3)
[160] HTTP 403 (will retry on a later run)
    403 — cooling off 60s (attempt 1)
    403 — cooling off 120s (attempt 2)
[161] merged -> November 9
[162] merged -> Once Upon A Broken Heart
[163] merged -> One Dark Window
[164] merged -> Point of Retreat
[165] NEW: One for My Enemy by Olivie Blake (6 tropes, spice Tame)
[166] merged -> People We Meet on Vacation
[167] NEW: Protecting What's Mine by Lucy Score (6 tropes, spice Explicit)
[168] merged -> Pretend You're Mine
[169] merged -> Punk 57
[170] merged -> Queen of Myth and Monsters
[171] merged -> Reckless
[172] NEW: Regretting You by Colleen Hoover (4 tropes, spice Tame)
[173] merged -> Reminders of Him
[174] merged -> Queen of Shadows
    403 — cooling off 60s (attempt 1)
    403 — cooling off 120s (attempt 2)
    403 — cooling off 180s (attempt 3)
[175] HTTP 403 (will retry on a later run)
    403 — cooling off 60s (attempt 1)
    403 — cooling off 120s (attempt 2)
    403 — cooling off 180s (attempt 3)
[176] HTTP 403 (will retry on a later run)
    403 — cooling off 60s (attempt 1)
    403 — cooling off 120s (attempt 2)
[177] NEW: Riley Thorn and the Blast from the Past by Lucy Score (3 tropes, spice Medium Spice)
[178] NEW: The Corpse in the Closet by Lucy Score (4 tropes, spice Medium Spice)
[179] merged -> Rival
[180] merged -> Rock Bottom Girl
[181] merged -> Ruthless Vows
[182] merged -> Rule of Wolves
[183] merged -> Ruin and Rising
[184] merged -> Satan's Affair
[185] NEW: Shallow River by H.D. Carlton (6 tropes, spice Tame)
[186] merged -> Savage Lover
[187] merged -> Shadow and Bone
[188] merged -> Shadowfever
[189] merged -> Siege and Storm
[190] merged -> Six Scorched Roses
    403 — cooling off 60s (attempt 1)
    403 — cooling off 120s (attempt 2)
    403 — cooling off 180s (attempt 3)
[191] HTTP 403 (will retry on a later run)
    403 — cooling off 60s (attempt 1)
    403 — cooling off 120s (attempt 2)
    403 — cooling off 180s (attempt 3)
[192] HTTP 403 (will retry on a later run)
    403 — cooling off 60s (attempt 1)
    403 — cooling off 120s (attempt 2)
[193] merged -> Six of Crows
[194] merged -> Stalking Jack the Ripper
[195] merged -> Skyshade
[196] merged -> Stolen Heir
[197] merged -> The Atlas Complex
[199] merged -> The Atlas Paradox
[200] merged -> The Atlas Six
[201] merged -> The Bridge Kingdom
[202] merged -> The Ballad of Never After
[204] merged -> The Crown of Gilded Bones
[205] merged -> The Bear and The Nightingale
[206] merged -> The Cruel Prince
    403 — cooling off 60s (attempt 1)
    403 — cooling off 120s (attempt 2)
    403 — cooling off 180s (attempt 3)
[207] HTTP 403 (will retry on a later run)
    403 — cooling off 60s (attempt 1)
    403 — cooling off 120s (attempt 2)
    403 — cooling off 180s (attempt 3)
[208] HTTP 403 (will retry on a later run)
    403 — cooling off 60s (attempt 1)
    403 — cooling off 120s (attempt 2)
[209] merged -> The Girl in The Tower
[210] merged -> The Endless War
[212] merged -> The Inadequate Heir
[213] merged -> The Love Hypothesis
[214] merged -> The Golden Enclaves
[215] merged -> The Last Graduate
[216] merged -> The Maddest Obsession
[217] merged -> The Queen of Nothing
[218] merged -> The Prisoner's Throne
[220] merged -> The Songbird and the Heart of Stone
[222] merged -> The War of Two Queens
    403 — cooling off 60s (attempt 1)
    403 — cooling off 120s (attempt 2)
    403 — cooling off 180s (attempt 3)
[223] HTTP 403 (will retry on a later run)
    403 — cooling off 60s (attempt 1)
    403 — cooling off 120s (attempt 2)
    403 — cooling off 180s (attempt 3)
[224] HTTP 403 (will retry on a later run)
    403 — cooling off 60s (attempt 1)
    403 — cooling off 120s (attempt 2)
[225] merged -> The Wicked King
[226] merged -> The Winter of the Witch
[227] merged -> The Wren in the Holly Library
[228] merged -> Things We Hide From the Light
[229] merged -> Things We Never Got Over
[230] merged -> Things We Left Behind
[231] merged -> Throne of Glass
[232] merged -> Too Late
[233] merged -> Throne of the Fallen
[234] merged -> This Girl
[236] merged -> Tower of Dawn
[237] merged -> Tryst Six Venom
[238] merged -> Twisted Emotions
    403 — cooling off 60s (attempt 1)
    403 — cooling off 120s (attempt 2)
    403 — cooling off 180s (attempt 3)
[239] HTTP 403 (will retry on a later run)
    403 — cooling off 60s (attempt 1)
    403 — cooling off 120s (attempt 2)
    403 — cooling off 180s (attempt 3)
[240] HTTP 403 (will retry on a later run)
    403 — cooling off 60s (attempt 1)
    403 — cooling off 120s (attempt 2)
[241] merged -> Twisted Love
[242] merged -> Twisted Lies
[243] NEW: Twisted Loyalties by Cora Reilly (6 tropes, spice Tame)
[244] NEW: Twisted Pride by Cora Reilly (8 tropes, spice Explicit)
[245] merged -> Ugly Love
[246] merged -> Valiant
[247] merged -> Two Twisted Crowns
[248] NEW: Until You by Penelope Douglas (4 tropes, spice Explicit)
[249] merged -> Verity
[251] merged -> Wildfire
[253] merged -> Where's Molly
[254] merged -> Without Merit
    403 — cooling off 60s (attempt 1)
    403 — cooling off 120s (attempt 2)
    403 — cooling off 180s (attempt 3)
[255] HTTP 403 (will retry on a later run)
    403 — cooling off 60s (attempt 1)
    403 — cooling off 120s (attempt 2)
    403 — cooling off 180s (attempt 3)
[256] HTTP 403 (will retry on a later run)
    403 — cooling off 60s (attempt 1)
    403 — cooling off 120s (attempt 2)
[258] merged -> A Witch's Guide to Magical Innkeeping
[260] merged -> Behooved
[261] merged -> Fangirl Down
[263] merged -> Enchantra
[264] NEW: Gate to Kagoshima by Poppy Kuroki (4 tropes, spice Tame)
[266] merged -> Homegrown Magic
[268] NEW: Illusion of Stars by Sarah Marie Page (8 tropes, spice Tame)
[270] merged -> Lady Macbeth
    403 — cooling off 60s (attempt 1)
    403 — cooling off 120s (attempt 2)
    403 — cooling off 180s (attempt 3)
[271] HTTP 403 (will retry on a later run)
    403 — cooling off 60s (attempt 1)
    403 — cooling off 120s (attempt 2)
    403 — cooling off 180s (attempt 3)
[272] HTTP 403 (will retry on a later run)
    403 — cooling off 60s (attempt 1)
    403 — cooling off 120s (attempt 2)
[273] merged -> Love Unwritten
[275] merged -> Lucy Undying
[276] NEW: Old Flames and New Fortunes by Sarah Hogle (4 tropes, spice Tame)
[277] merged -> Rewitched
[278] merged -> Play Along
[279] merged -> Phantasma
[281] NEW: Shield of Sparrows by Devney Perry (9 tropes, spice Medium Spice)
[283] NEW: The Cruel Dawn by Rachel Howzell Hall (6 tropes, spice Medium Spice)
[284] merged -> The Honey Witch
[285] NEW: Tales from the Celestial Kingdom by Sue Lynn Tan (5 tropes, spice Tame)
[286] merged -> The Last One
    403 — cooling off 60s (attempt 1)
    403 — cooling off 120s (attempt 2)
    403 — cooling off 180s (attempt 3)
[287] HTTP 403 (will retry on a later run)
    403 — cooling off 60s (attempt 1)
    403 — cooling off 120s (attempt 2)
    403 — cooling off 180s (attempt 3)
[288] HTTP 403 (will retry on a later run)
    403 — cooling off 60s (attempt 1)
    403 — cooling off 120s (attempt 2)
[290] merged -> The Pairing
[291] merged -> The Spellshop
[292] merged -> The Things Gods Break
[293] merged -> This Could Be Us
[294] merged -> The Unmaking of June Farrow
[296] merged -> Truly, Madly, Deeply A Novel
[297] NEW: Uncharmed by Lucy Jane Wood (4 tropes, spice Tame)
[298] merged -> Unravel Me
[299] merged -> Wild Eyes
[307] merged -> Lord Of Scoundrels
