resuming: 1,745 ids already processed
[2001] merged -> The Gentleman and His Vowsmith
[2002] NEW: A Treachery of Swans by A.B. Poranek (5 tropes, spice Tame)
[2003] merged -> The Maiden and Her Monster
[2004] merged -> Sorcery and Small Magics
[2006] merged -> Swordcrossed
[2007] NEW: Prince of Fortune by Lisa Tirreno (4 tropes, spice Tame)
[2008] NEW: In Love and Death by Aldrea Alien (6 tropes, spice Medium Spice)
[2009] NEW: Anzulla, According to ISH by Kashel Char (5 tropes, spice Explicit)
[2010] NEW: Elements: Origins of Power and Ruin by svl yisanliu (4 tropes, spice Tame)
[2011] merged -> Remedial Magic
[2012] NEW: Earthflown by Frances Wren (5 tropes, spice Medium Spice)
[2013] merged -> Confounding Oaths
    403 — cooling off 60s (attempt 1)
    403 — cooling off 120s (attempt 2)
    403 — cooling off 180s (attempt 3)
[2015] HTTP 403 (will retry on a later run)
    403 — cooling off 60s (attempt 1)
    403 — cooling off 120s (attempt 2)
    403 — cooling off 180s (attempt 3)
[2016] HTTP 403 (will retry on a later run)
    403 — cooling off 60s (attempt 1)
    403 — cooling off 120s (attempt 2)
[2018] NEW: The Sweetest Betrayal by Natalie Mae (5 tropes, spice Tame)
[2019] NEW: Sunstruck by Melissa Bellis (0 tropes, spice No Spice)
[2021] merged -> The Crown of Oaths and Curses
[2022] NEW: The Stars Are Dying by Chloe C. Peñaranda (9 tropes, spice Medium Spice)
[2023] merged -> A Queen of Thieves & Chaos
[2024] NEW: What Lurks Between the Fates by Harper L. Woods (8 tropes, spice Explicit)
[2025] merged -> Vows & Ruins
[2026] merged -> House of Pounding Hearts
[2027] NEW: Heart of the Shadow King by Sylvia Mercedes (6 tropes, spice Medium Spice)
[2028] NEW: The Snows of Nissa by Isabella Khalidi (7 tropes, spice Medium Spice)
[2029] merged -> Heartless
    403 — cooling off 60s (attempt 1)
    403 — cooling off 120s (attempt 2)
    403 — cooling off 180s (attempt 3)
[2031] HTTP 403 (will retry on a later run)
    403 — cooling off 60s (attempt 1)
    403 — cooling off 120s (attempt 2)
    403 — cooling off 180s (attempt 3)
[2032] HTTP 403 (will retry on a later run)
    403 — cooling off 60s (attempt 1)
    403 — cooling off 120s (attempt 2)
[2034] NEW: The Storms of Fury by Isabella Khalidi (7 tropes, spice Explicit)
[2036] merged -> To Flame a Wild Flower
[2037] NEW: A Duet with the Siren Duke by Elise Kova (8 tropes, spice Medium Spice)
[2039] NEW: Where Skies Fall by Casey L. Bond (4 tropes, spice Tame)
[2041] NEW: The Wrath and the Dawn by Renée Ahdieh (9 tropes, spice Tame)
[2042] merged -> The Wolf and the Witch
[2043] NEW: A Sword from the Embers by Chloe C. Peñaranda (8 tropes, spice Explicit)
[2044] NEW: Ruins of Sea and Souls by Lisette Marshall (5 tropes, spice Explicit)
[2045] NEW: Lady of the Drowned Empire by Frankie Diane Mallis (6 tropes, spice Tame)
[2046] merged -> The East Wind
    403 — cooling off 60s (attempt 1)
    403 — cooling off 120s (attempt 2)
    403 — cooling off 180s (attempt 3)
[2047] HTTP 403 (will retry on a later run)
    403 — cooling off 60s (attempt 1)
    403 — cooling off 120s (attempt 2)
    403 — cooling off 180s (attempt 3)
[2048] HTTP 403 (will retry on a later run)
    403 — cooling off 60s (attempt 1)
    403 — cooling off 120s (attempt 2)
[2050] merged -> House of Striking Oaths
[2051] merged -> Fate Breaker
[2052] NEW: Aisling: A Spell Unbinding by A.E. Jürgens (7 tropes, spice Medium Spice)
[2053] NEW: Fallen Stars by Imani Erriu (8 tropes, spice Explicit)
[2056] NEW: A Tournament of Crowns by Elise Kova (7 tropes, spice Tame)
[2057] NEW: Den of Blades and Briars by L.J. Andrews (6 tropes, spice Explicit)
[2058] NEW: Of Night and Chaos by Jenna Wolfhart (5 tropes, spice Tame)
[2059] NEW: The Bones of Benevolence by Lauren M. Leasure (8 tropes, spice Explicit)
[2060] merged -> A Ship of Bones & Teeth
[2061] NEW: Bound to Fall by A.K. Caggiano (6 tropes, spice Medium Spice)
[2062] NEW: Below The Water by Camille Cabrera (4 tropes, spice Tame)
    403 — cooling off 60s (attempt 1)
    403 — cooling off 120s (attempt 2)
    403 — cooling off 180s (attempt 3)
[2063] HTTP 403 (will retry on a later run)
    403 — cooling off 60s (attempt 1)
    403 — cooling off 120s (attempt 2)
    403 — cooling off 180s (attempt 3)
[2064] HTTP 403 (will retry on a later run)
    403 — cooling off 60s (attempt 1)
    403 — cooling off 120s (attempt 2)
[2065] NEW: A Queen's Shadow by Melissa Kieran (6 tropes, spice Explicit)
[2066] NEW: The Scattered Bones by Nicole Scarano (6 tropes, spice Medium Spice)
[2067] NEW: The First Muse by Teshelle Combs (3 tropes, spice Medium Spice)
[2068] NEW: The Unbound Witch by Miranda Lyn (5 tropes, spice Explicit)
[2069] NEW: A Prophecy of Undone by I.A. Takerian (8 tropes, spice Medium Spice)
[2070] NEW: Her Blind Deception by Hailey Jade (11 tropes, spice Explicit)
[2071] NEW: The Fated and the Damned by Chloe Hodge (7 tropes, spice Explicit)
[2072] NEW: Rising Dawn by Beck Michaels (6 tropes, spice Tame)
[2073] NEW: Wish of the Wicked by Danielle Paige (6 tropes, spice Tame)
[2074] NEW: The Stolen Throne by Abigail Owen (6 tropes, spice Explicit)
[2076] NEW: A Kingdom of Death and Despair: Whitney's Version by Whitney Dean (7 tropes, spice Explicit)
[2077] merged -> Mountains Made of Glass
[2078] NEW: A Cage of Crystal by Tessonja Odette (3 tropes, spice Tame)
    403 — cooling off 60s (attempt 1)
    403 — cooling off 120s (attempt 2)
    403 — cooling off 180s (attempt 3)
[2079] HTTP 403 (will retry on a later run)
    403 — cooling off 60s (attempt 1)
    403 — cooling off 120s (attempt 2)
    403 — cooling off 180s (attempt 3)
[2080] HTTP 403 (will retry on a later run)
    403 — cooling off 60s (attempt 1)
    403 — cooling off 120s (attempt 2)
[2081] merged -> City of Darkness
[2082] merged -> Violet Made of Thorns
[2083] NEW: A Bond of Broken Glass by T.A. Lawrence (6 tropes, spice Tame)
[2084] NEW: A Crown of Silver and Shadow by L.J. Swallow (8 tropes, spice Medium Spice)
[2085] NEW: Spindle of Sin by Candace Robinson & Amber R. Duell (10 tropes, spice Explicit)
[2086] NEW: North Queen by Nicola Tyche (7 tropes, spice Tame)
[2087] NEW: Blood Moon Sanctum by Zian Schafer (8 tropes, spice Tame)
[2088] NEW: Queen of Chaos by Amelia Hutchins (6 tropes, spice Explicit)
[2089] NEW: Sun Serpent by Geneva Monroe (6 tropes, spice Tame)
[2090] NEW: Shadow Queen by Nicola Tyche (5 tropes, spice Explicit)
[2091] NEW: Caged in Shadow by Jasmine Walt (8 tropes, spice Medium Spice)
[2093] merged -> Slaying the Shadow Prince
[2097] NEW: The Forest Grimm by Kathryn Purdie (5 tropes, spice Tame)
[2098] merged -> To Kill a Shadow
    403 — cooling off 60s (attempt 1)
    403 — cooling off 120s (attempt 2)
    403 — cooling off 180s (attempt 3)
[2100] HTTP 403 (will retry on a later run)
    403 — cooling off 60s (attempt 1)
    403 — cooling off 120s (attempt 2)
    403 — cooling off 180s (attempt 3)
[2101] HTTP 403 (will retry on a later run)
    403 — cooling off 60s (attempt 1)
    403 — cooling off 120s (attempt 2)
[2102] NEW: Queens of Moirai by Rhiannon Hargadon (8 tropes, spice Tame)
[2104] NEW: The Eternal Shadow by Shameez Patel Papathanasiou (7 tropes, spice Tame)
[2105] merged -> The Faceless Mage
[2106] NEW: The Rebellion's Princess by Kendall Reed (5 tropes, spice Tame)
[2109] NEW: Fallen City by Adrienne Young (7 tropes, spice Tame)
[2111] NEW: Hearts Forged in Dragon Fire by Erica Hollis (6 tropes, spice Tame)
[2112] NEW: The Hidden Queen by Kenley Davidson (5 tropes, spice Tame)
[2114] merged -> The Isle in the Silver Sea
[2115] NEW: Kingdom of the Forgotten by Charissa Weaks (9 tropes, spice Explicit)
    403 — cooling off 60s (attempt 1)
    403 — cooling off 120s (attempt 2)
    403 — cooling off 180s (attempt 3)
[2116] HTTP 403 (will retry on a later run)
    403 — cooling off 60s (attempt 1)
    403 — cooling off 120s (attempt 2)
    403 — cooling off 180s (attempt 3)
[2117] HTTP 403 (will retry on a later run)
    403 — cooling off 60s (attempt 1)
    403 — cooling off 120s (attempt 2)
[2120] NEW: The Queen of the Dawn by S.M. Gaither (5 tropes, spice Explicit)
[2121] NEW: Freedom and Fire by Courtney Thorne (5 tropes, spice Medium Spice)
[2123] NEW: Lady of Roses and Ruin by Courtney Shack (10 tropes, spice Tame)
[2124] NEW: These Hearts We Shatter by Shannon R. Lir (5 tropes, spice Explicit)
[2125] NEW: Wrath of the Talon by Sophie Kim (5 tropes, spice Tame)
[2126] NEW: Servant to the Spidae by Ruby Dixon (5 tropes, spice Explicit)
[2128] NEW: The Soul Thief by Madeline Te Whiu (6 tropes, spice Explicit)
[2129] merged -> Aisling: A Spell Unbinding
[2130] NEW: The Wicked in Me by Suzanne Wright (5 tropes, spice Explicit)
[2131] NEW: Rise and Reverence by Rebecca Camm (6 tropes, spice Tame)
    403 — cooling off 60s (attempt 1)
    403 — cooling off 120s (attempt 2)
    403 — cooling off 180s (attempt 3)
[2132] HTTP 403 (will retry on a later run)
    403 — cooling off 60s (attempt 1)
    403 — cooling off 120s (attempt 2)
    403 — cooling off 180s (attempt 3)
[2133] HTTP 403 (will retry on a later run)
    403 — cooling off 60s (attempt 1)
    403 — cooling off 120s (attempt 2)
[2134] NEW: The Rot Below by Sierrah M. Strange (6 tropes, spice Explicit)
[2135] NEW: A Crown Broken by K.A. Riley (7 tropes, spice Explicit)
[2136] NEW: Throne of Dreams by Hillary Raymer (5 tropes, spice Explicit)
[2137] NEW: Nights of Steel and Shadow by Shannen Durey (8 tropes, spice Explicit)
[2138] NEW: Made & Marred by Samantha R. Goode (8 tropes, spice Explicit)
[2139] merged -> Seducing the Sheriff of Nottingham
[2140] NEW: Forged in Frost by Jasmine Walt (8 tropes, spice Tame)
[2141] NEW: Of Flame and Fury by K.A. Riley (4 tropes, spice Explicit)
[2142] NEW: Slaying the Naga King by Jessica M. Butler (7 tropes, spice Medium Spice)
[2143] NEW: Ivy Touched and Bronze Blade by Shannon Mayer & Kelly St. Clare (7 tropes, spice Medium Spice)
[2145] NEW: Star Spear by Geneva Monroe (6 tropes, spice Explicit)
[2146] NEW: Fae Heir by Lucía Ashta (7 tropes, spice Tame)
[2147] NEW: Fae Champion by Lucía Ashta (5 tropes, spice Medium Spice)
    403 — cooling off 60s (attempt 1)
    403 — cooling off 120s (attempt 2)
    403 — cooling off 180s (attempt 3)
[2148] HTTP 403 (will retry on a later run)
    403 — cooling off 60s (attempt 1)
    403 — cooling off 120s (attempt 2)
    403 — cooling off 180s (attempt 3)
[2149] HTTP 403 (will retry on a later run)
    403 — cooling off 60s (attempt 1)
    403 — cooling off 120s (attempt 2)
[2150] NEW: A Fate of Flame by Tessonja Odette (6 tropes, spice Tame)
[2151] NEW: Of Dust and Stars by Jenna Wolfhart (8 tropes, spice Medium Spice)
[2152] merged -> Rise of the Cinder Fae
[2153] NEW: Secrets of the Dead by Laura Carter (7 tropes, spice Tame)
[2154] NEW: Prince of Never by Lorelei Johnson (5 tropes, spice Tame)
[2155] NEW: Song of Dark Tides by Beka Westrup (7 tropes, spice Explicit)
[2156] NEW: Born of Starlight by Mariet Kay (6 tropes, spice Medium Spice)
[2158] NEW: Wolf Rotten by Asteria Gonzalez (4 tropes, spice Tame)
[2159] NEW: Heir of Twisted Lies by L.J. Andrews (7 tropes, spice Medium Spice)
[2161] merged -> The Trident and the Pearl
[2163] NEW: Caged by Fallen Crows: Part One by Ava Larksen (8 tropes, spice Medium Spice)
    403 — cooling off 60s (attempt 1)
    403 — cooling off 120s (attempt 2)
    403 — cooling off 180s (attempt 3)
[2164] HTTP 403 (will retry on a later run)
    403 — cooling off 60s (attempt 1)
    403 — cooling off 120s (attempt 2)
    403 — cooling off 180s (attempt 3)
[2165] HTTP 403 (will retry on a later run)
    403 — cooling off 60s (attempt 1)
    403 — cooling off 120s (attempt 2)
[2166] NEW: Silver & Smoke by Helen Scheuerer (8 tropes, spice Explicit)
[2169] merged -> The East Wind
[2172] NEW: Gods Beneath the Ice by Alexandra Kennington (7 tropes, spice Medium Spice)
[2173] NEW: The Sea Spinner by Julie Johnson (7 tropes, spice Medium Spice)
[2175] NEW: The Stolen Crown by L.J. Andrews (4 tropes, spice Medium Spice)
[2176] NEW: The Kings' List by Jade Presley (8 tropes, spice Explicit)
[2179] NEW: Cinder Vale by Caroline Peckham & Susanne Valenti (6 tropes, spice Explicit)
    403 — cooling off 60s (attempt 1)
    403 — cooling off 120s (attempt 2)
    403 — cooling off 180s (attempt 3)
[2180] HTTP 403 (will retry on a later run)
    403 — cooling off 60s (attempt 1)
    403 — cooling off 120s (attempt 2)
    403 — cooling off 180s (attempt 3)
[2181] HTTP 403 (will retry on a later run)
    403 — cooling off 60s (attempt 1)
    403 — cooling off 120s (attempt 2)
[2182] merged -> The Debtors Game
[2184] merged -> The King's Shadow
[2185] merged -> War of Fire and Fury
[2187] NEW: A Flame Among the Seas by Emilia Jae (5 tropes, spice Medium Spice)
[2188] NEW: The Bargain of Dragons by Samantha Amstutz (5 tropes, spice Medium Spice)
[2189] NEW: All Hail Chaos by Sarah Rees Brennan (5 tropes, spice Medium Spice)
[2191] NEW: A Kingdom of Light and Air by J.F. Johns (8 tropes, spice Explicit)
[2192] NEW: The Halfling Prince by Emberly Ash (7 tropes, spice Explicit)
    403 — cooling off 60s (attempt 1)
    403 — cooling off 120s (attempt 2)
    403 — cooling off 180s (attempt 3)
[2196] HTTP 403 (will retry on a later run)
    403 — cooling off 60s (attempt 1)
    403 — cooling off 120s (attempt 2)
    403 — cooling off 180s (attempt 3)
[2197] HTTP 403 (will retry on a later run)
    403 — cooling off 60s (attempt 1)
    403 — cooling off 120s (attempt 2)
[2198] NEW: The Heir & the Spare by Harper L. Woods (10 tropes, spice Explicit)
[2199] NEW: Trials of the Cursed by Jillian Witt (8 tropes, spice Explicit)
[2200] NEW: Daughter of the Wind by Nora Carmody (8 tropes, spice Tame)
[2201] NEW: Death Meets Cute by J. Penner (7 tropes, spice Tame)
[2202] merged -> West of Wicked
[2204] merged -> Court of Lies and Deceit
[2205] NEW: I Summon the Sea by Mona Archer (11 tropes, spice Tame)
[2206] NEW: The Enemy in My Veins by Riordan Yun (6 tropes, spice Tame)
[2207] NEW: The Alpha’s Anchor: A Myth of Wolves, War, and the Price of Redemption by Riordan Yun (5 tropes, spice Explicit)
[2208] NEW: Death's Kiss by M.M. Reeves (8 tropes, spice Tame)
[2209] NEW: City of Smoke and Brimstone by Kayla Edwards (7 tropes, spice Explicit)
[2210] NEW: Call of the Fathoms by Emma Hamm (5 tropes, spice Explicit)
    403 — cooling off 60s (attempt 1)
    403 — cooling off 120s (attempt 2)
    403 — cooling off 180s (attempt 3)
[2212] HTTP 403 (will retry on a later run)
    403 — cooling off 60s (attempt 1)
    403 — cooling off 120s (attempt 2)
    403 — cooling off 180s (attempt 3)
[2213] HTTP 403 (will retry on a later run)
    403 — cooling off 60s (attempt 1)
    403 — cooling off 120s (attempt 2)
[2214] NEW: My UnTrue Love by Cassandra Gannon (6 tropes, spice Explicit)
[2215] merged -> Throne of Ice and Blood
[2216] NEW: Of Rime and Ruin: A Beauty and the Beast Winter Mermaid Romance by Liesl West (7 tropes, spice Medium Spice)
[2217] NEW: The Elf Witch by Jacquelyn Gilmore (8 tropes, spice Explicit)
[2218] NEW: Queen to the Sunless Court by Avie Adams (5 tropes, spice Explicit)
[2219] merged -> The God and the Gumiho
[2220] NEW: With Wing And Claw by Lisette Marshall (6 tropes, spice Explicit)
[2221] NEW: Blood of the Lost Gods by Jessica J. Ayala (6 tropes, spice Tame)
[2222] NEW: The Serpent Prince by Jacquelyn Gilmore (8 tropes, spice Medium Spice)
[2223] NEW: A Crown So Silver by Lyra Selene (7 tropes, spice Explicit)
[2224] NEW: Given by Elayna R. Gallea (7 tropes, spice Tame)
[2225] NEW: Reign of the Talon by Sophie Kim (6 tropes, spice Tame)
[2226] NEW: Heretic Behaviour: The Lies of Midas by E.C. Glynn (5 tropes, spice Medium Spice)
[2227] merged -> A Promise so Bold and Broken
    403 — cooling off 60s (attempt 1)
    403 — cooling off 120s (attempt 2)
    403 — cooling off 180s (attempt 3)
[2228] HTTP 403 (will retry on a later run)
    403 — cooling off 60s (attempt 1)
    403 — cooling off 120s (attempt 2)
    403 — cooling off 180s (attempt 3)
[2229] HTTP 403 (will retry on a later run)
    403 — cooling off 60s (attempt 1)
    403 — cooling off 120s (attempt 2)
[2230] merged -> Wooing the Witch Queen
[2231] merged -> The Otherwhere Post
[2232] merged -> Broken Souls and Bones
[2233] NEW: House of Burning Frost by Olivia Wildenstein (6 tropes, spice Explicit)
[2234] merged -> The South Wind
[2236] NEW: A Kingdom's Curse by Melissa Kieran (5 tropes, spice Explicit)
[2237] NEW: The Deathly Grimm by Kathryn Purdie (6 tropes, spice Tame)
[2239] NEW: Nights of Gold and Gods by Shannen Durey (6 tropes, spice Explicit)
[2240] NEW: Demise of the Heart Dove by Whitney Dean (9 tropes, spice Explicit)
[2241] NEW: The Shadows of Stars by Samantha Amstutz (6 tropes, spice Medium Spice)
[2242] NEW: Tales of a Deadly Devotion by Jennifer Delaney (7 tropes, spice Medium Spice)
[2243] NEW: Reckoning by Gillian Eliza West (7 tropes, spice Explicit)
    403 — cooling off 60s (attempt 1)
    403 — cooling off 120s (attempt 2)
    403 — cooling off 180s (attempt 3)
[2244] HTTP 403 (will retry on a later run)
    403 — cooling off 60s (attempt 1)
    403 — cooling off 120s (attempt 2)
    403 — cooling off 180s (attempt 3)
[2245] HTTP 403 (will retry on a later run)
    403 — cooling off 60s (attempt 1)
    403 — cooling off 120s (attempt 2)
[2246] merged -> Tusk Love
[2247] NEW: Dream Chaser: Realm of Dreams Book 2 by Brittany Gossin (6 tropes, spice Tame)
[2248] NEW: Death Raises Gods by K.M. Davidson (3 tropes, spice Medium Spice)
[2249] NEW: Whisper of War and Storms by C.L. Mecca (6 tropes, spice Tame)
[2250] NEW: Blood Iron and Bone by Sera Foxe (8 tropes, spice Medium Spice)
[2251] merged -> House of the Beast
[2252] NEW: The Witch Who Trades with Death by C.M. Alongi (6 tropes, spice Explicit)
[2253] NEW: How to Survive a Fairy Bargain by Laura J. Mayo (5 tropes, spice Medium Spice)
[2254] NEW: Crown of Wrath by Evelyn Hart (5 tropes, spice Tame)
[2255] NEW: Silver Shard by Geneva Monroe (6 tropes, spice Explicit)
[2256] NEW: The Goddess Of by Randi Garner (6 tropes, spice Tame)
[2257] NEW: Monster of the Dagger Mountains by Meredith Hart (8 tropes, spice Medium Spice)
[2258] NEW: Bound in Inked Flame by Ava Larksen (8 tropes, spice Explicit)
[2259] NEW: Heir of Broken Souls by Mads Rafferty (7 tropes, spice Explicit)
    403 — cooling off 60s (attempt 1)
    403 — cooling off 120s (attempt 2)
    403 — cooling off 180s (attempt 3)
[2260] HTTP 403 (will retry on a later run)
    403 — cooling off 60s (attempt 1)
    403 — cooling off 120s (attempt 2)
    403 — cooling off 180s (attempt 3)
[2261] HTTP 403 (will retry on a later run)
    403 — cooling off 60s (attempt 1)
    403 — cooling off 120s (attempt 2)
[2262] NEW: A Sea of Vows and Silence by Whit Stanfield (8 tropes, spice Explicit)
[2263] NEW: A Cursed Bite by Daniela A. Mera (7 tropes, spice Medium Spice)
[2264] NEW: Steeling Light by Evelyn Hart (7 tropes, spice Explicit)
[2265] NEW: This Vicious Dream by Stacia Stark (6 tropes, spice Explicit)
[2266] NEW: For Ever by Jenny Hickman (6 tropes, spice Tame)
[2268] NEW: Where Darkness Falls by Morgan Elise (9 tropes, spice Tame)
[2269] NEW: The Shadowbound and the False God by Fern A. Ellis (7 tropes, spice Tame)
[2270] NEW: The Weaver Bride by Lydia Gregovic (7 tropes, spice Tame)
[2271] NEW: Never the Roses by Jennifer K. Lambert (6 tropes, spice Tame)
[2272] NEW: A Fairy Hunter's Guide for the Recently (Un)Dead by Cynthia Prith (8 tropes, spice Tame)
[2273] NEW: A Kingdom of Sand and Ice by J.F. Johns (6 tropes, spice Tame)
[2274] NEW: Hunt for the White Witch by C.R. Lee (5 tropes, spice Explicit)
[2275] NEW: Thorns & Fire by Helen Scheuerer (9 tropes, spice Explicit)
    403 — cooling off 60s (attempt 1)
    403 — cooling off 120s (attempt 2)
    403 — cooling off 180s (attempt 3)
[2276] HTTP 403 (will retry on a later run)
    403 — cooling off 60s (attempt 1)
    403 — cooling off 120s (attempt 2)
    403 — cooling off 180s (attempt 3)
[2277] HTTP 403 (will retry on a later run)
    403 — cooling off 60s (attempt 1)
    403 — cooling off 120s (attempt 2)
[2278] NEW: Realm of Wind and Vines by Marion Blackwood (7 tropes, spice Explicit)
[2279] merged -> A Bond so Fierce and Fragile
[2280] NEW: Sea of Pleasure and Pain by J. Střelou (8 tropes, spice Explicit)
[2281] NEW: The Demon and the Light by Axie Oh (6 tropes, spice Tame)
[2282] NEW: When the Wicked Sing by S.L. DeBois (8 tropes, spice Tame)
[2283] NEW: Jeweler to the Blessed by Jillian Witt (4 tropes, spice Tame)
[2284] NEW: The Frost Witch by Emberly Ash (9 tropes, spice Tame)
[2285] NEW: The Shadowed Oracle by R.B. Sturn (5 tropes, spice Tame)
[2286] NEW: Shadows of the Gods by Shay Taylor (5 tropes, spice Explicit)
[2287] NEW: The Dark Lord's Guide to Dating - and Other War Crimes by Tiffany Hunt (10 tropes, spice Medium Spice)
[2288] NEW: I Dream of Dragons by Mona Archer (6 tropes, spice Tame)
[2289] NEW: Bitten by Jordan Stephanie Gray (9 tropes, spice Tame)
[2290] NEW: We Were Meant to Burn by Nicolette Elzie (7 tropes, spice Tame)
[2291] NEW: Child of Shivay by J.R. Cathers (8 tropes, spice Medium Spice)
    403 — cooling off 60s (attempt 1)
    403 — cooling off 120s (attempt 2)
    403 — cooling off 180s (attempt 3)
[2292] HTTP 403 (will retry on a later run)
    403 — cooling off 60s (attempt 1)
    403 — cooling off 120s (attempt 2)
    403 — cooling off 180s (attempt 3)
[2293] HTTP 403 (will retry on a later run)
    403 — cooling off 60s (attempt 1)
    403 — cooling off 120s (attempt 2)
[2294] merged -> Silvercloak
[2295] NEW: A Craft of Starlight by Layla Raz Hanson (5 tropes, spice Tame)
[2296] NEW: A Realm of Myst and Dreams by JA Chapman (7 tropes, spice Medium Spice)
[2297] NEW: Jaxyl: Warrior Princess by Ruth C. Mitchell (3 tropes, spice Medium Spice)
[2299] merged -> Goldfinch
[2300] NEW: Find Me Between the Stars by Iris Lake (5 tropes, spice Explicit)
[2301] NEW: A Dawn of Gods & Fury by K.A. Tucker (7 tropes, spice Medium Spice)
[2302] merged -> Kingdom of Claw
[2303] merged -> Fate & Furies
[2304] merged -> Shadow & Storms
[2305] NEW: Wildblood by A.J. Vrana (4 tropes, spice Explicit)
[2306] merged -> The Throne of Honor and Blood
[2307] merged -> The Serpent and the Wolf
    403 — cooling off 60s (attempt 1)
    403 — cooling off 120s (attempt 2)
    403 — cooling off 180s (attempt 3)
[2308] HTTP 403 (will retry on a later run)
    403 — cooling off 60s (attempt 1)
    403 — cooling off 120s (attempt 2)
    403 — cooling off 180s (attempt 3)
[2309] HTTP 403 (will retry on a later run)
    403 — cooling off 60s (attempt 1)
    403 — cooling off 120s (attempt 2)
[2310] NEW: A Feather So Black by Lyra Selene (8 tropes, spice Explicit)
[2311] merged -> The Darkness Within Us
[2312] merged -> Heretic Behaviour: The Lies of Midas
[2314] NEW: Happily Ever Witch by Cassandra Gannon (8 tropes, spice Explicit)
[2315] merged -> Broken by Daylight
[2316] merged -> A Promise of Lies
[2317] NEW: King of Chaos by Amelia Hutchins (6 tropes, spice Explicit)
[2318] merged -> A Monsoon Rising
[2319] NEW: The Nightmare in Him by Suzanne Wright (6 tropes, spice Explicit)
[2320] NEW: Her Cruel Redemption by Hailey Jade (6 tropes, spice Medium Spice)
[2321] NEW: Goddess of Light by Karina Halle (5 tropes, spice Tame)
[2322] NEW: Sewn & Scarred by Samantha R. Goode (6 tropes, spice Tame)
[2323] NEW: Spell of the Sinister by Danielle Paige (5 tropes, spice Tame)
    403 — cooling off 60s (attempt 1)
    403 — cooling off 120s (attempt 2)
    403 — cooling off 180s (attempt 3)
[2324] HTTP 403 (will retry on a later run)
    403 — cooling off 60s (attempt 1)
    403 — cooling off 120s (attempt 2)
    403 — cooling off 180s (attempt 3)
[2325] HTTP 403 (will retry on a later run)
    403 — cooling off 60s (attempt 1)
    403 — cooling off 120s (attempt 2)
[2326] NEW: From the Myths of Kings by Abigail Hair (4 tropes, spice Tame)
[2327] NEW: Song of the Abyss by Emma Hamm (7 tropes, spice Explicit)
[2328] NEW: Demons and Roses by Beka Westrup (4 tropes, spice Explicit)
    403 — cooling off 60s (attempt 1)
    403 — cooling off 120s (attempt 2)
    403 — cooling off 180s (attempt 3)
[2340] HTTP 403 (will retry on a later run)
    403 — cooling off 60s (attempt 1)
    403 — cooling off 120s (attempt 2)
    403 — cooling off 180s (attempt 3)
[2341] HTTP 403 (will retry on a later run)
    403 — cooling off 60s (attempt 1)
    403 — cooling off 120s (attempt 2)
[2343] NEW: More Than Love by Bethanie Finger (6 tropes, spice Tame)
[2344] NEW: The First King by Shameez Patel Papathanasiou (0 tropes, spice No Spice)
[2345] NEW: Oath of Betrayal by Olena Nikitin (8 tropes, spice Tame)
[2346] NEW: What Lies Within Blood & Heirs by Nicolle May (5 tropes, spice Explicit)
[2347] NEW: House of Shifting Tides by Olivia Wildenstein (5 tropes, spice Explicit)
[2348] NEW: The Dusk of Fate by T.K. Tucker (6 tropes, spice Tame)
[2349] NEW: More Than Legend by Bethanie Finger (6 tropes, spice Tame)
[2350] NEW: What Lies Within Masks & Shadows by Nicolle May (6 tropes, spice Tame)
[2351] merged -> The Ascended
[2352] NEW: More Than Life by Bethanie Finger (7 tropes, spice Tame)
[2354] NEW: Of Blades and Wings by Eliza Raine (7 tropes, spice Medium Spice)
[2355] NEW: A Dawn with the Wolf Knight by Elise Kova (8 tropes, spice Explicit)
    403 — cooling off 60s (attempt 1)
    403 — cooling off 120s (attempt 2)
    403 — cooling off 180s (attempt 3)
[2356] HTTP 403 (will retry on a later run)
    403 — cooling off 60s (attempt 1)
    403 — cooling off 120s (attempt 2)
    403 — cooling off 180s (attempt 3)
[2357] HTTP 403 (will retry on a later run)
    403 — cooling off 60s (attempt 1)
    403 — cooling off 120s (attempt 2)
[2359] NEW: An Heir of Frost by Elise Kova (6 tropes, spice Tame)
[2361] NEW: The War of Wings by Lauren M. Leasure (5 tropes, spice Medium Spice)
[2362] merged -> The Shadows Rule All
[2363] NEW: The Ravaged Below by Sierrah M. Strange (5 tropes, spice Explicit)
[2366] NEW: What Monstrous Gods by Rosamund Hodge (6 tropes, spice Tame)
[2367] NEW: Mirror of Malice by Tee Harlowe (9 tropes, spice Tame)
[2368] NEW: Unbound by Christy Healy (5 tropes, spice Medium Spice)
[2369] NEW: Heir of Broken Kingdom by Mads Rafferty (6 tropes, spice Medium Spice)
[2371] NEW: Fae Exile by Lucía Ashta (7 tropes, spice Medium Spice)
    403 — cooling off 60s (attempt 1)
    403 — cooling off 120s (attempt 2)
    403 — cooling off 180s (attempt 3)
[2372] HTTP 403 (will retry on a later run)
    403 — cooling off 60s (attempt 1)
    403 — cooling off 120s (attempt 2)
    403 — cooling off 180s (attempt 3)
[2373] NEW: Of Mischief & Mages by L.J. Andrews (8 tropes, spice Explicit)
[2374] NEW: Queen of Hearts by May Freighter (6 tropes, spice Medium Spice)
[2375] NEW: Vesselless by Cortney L. Winn (8 tropes, spice Tame)
[2376] NEW: Ship of Shadows by Tee Harlowe (5 tropes, spice Medium Spice)
[2377] NEW: The Treasured One by Hannah Levin (7 tropes, spice Tame)
[2378] NEW: Dream Walker by Brittany Gossin (5 tropes, spice Tame)
[2379] NEW: Blood and War by Belle Walker (6 tropes, spice Medium Spice)
[2381] NEW: Queen of the Blood Throne by Rhiannon Hargadon (4 tropes, spice Medium Spice)
[2382] NEW: Void of Endings by Hillary Raymer (5 tropes, spice Explicit)
[2383] NEW: A Curse of Frost and Stone by Lara Buckheit (4 tropes, spice Medium Spice)
[2384] NEW: Fae Crown by Lucía Ashta (8 tropes, spice Explicit)
[2385] NEW: Nature of Frost by Jus Accardo (5 tropes, spice Tame)
[2386] merged -> The Hedgewitch of Foxhall
    403 — cooling off 60s (attempt 1)
    403 — cooling off 120s (attempt 2)
    403 — cooling off 180s (attempt 3)
[2387] HTTP 403 (will retry on a later run)
    403 — cooling off 60s (attempt 1)
    403 — cooling off 120s (attempt 2)
    403 — cooling off 180s (attempt 3)
[2388] HTTP 403 (will retry on a later run)
    403 — cooling off 60s (attempt 1)
    403 — cooling off 120s (attempt 2)
[2389] merged -> Echoes of the Tide
[2390] NEW: A Fire in the Sky by Sophie Jordan (7 tropes, spice Medium Spice)
[2391] merged -> The Half King
[2392] NEW: A Sea of Wrath and Scoria by Whit Stanfield (7 tropes, spice Explicit)
[2393] NEW: Fate Demands Sacrifice by K.M. Davidson (6 tropes, spice Explicit)
[2394] NEW: A Tale Told by Traitors by Renee Dugan (6 tropes, spice Tame)
[2395] merged -> Bound and Tide
[2396] NEW: Barbi and the Villain by Veronica Lancet (8 tropes, spice Medium Spice)
[2397] NEW: The Rise of The Darkest Flame by Katherine Whiteheart (7 tropes, spice Tame)
[2399] NEW: Of Ice and Villains by Veronica Lancet (8 tropes, spice Tame)
[2400] merged -> Tales of a Monstrous Heart
[2401] merged -> The Thirteenth Child
[2402] merged -> How to Summon a Fairy Godmother
    403 — cooling off 60s (attempt 1)
    403 — cooling off 120s (attempt 2)
    403 — cooling off 180s (attempt 3)
[2403] HTTP 403 (will retry on a later run)
    403 — cooling off 60s (attempt 1)
    403 — cooling off 120s (attempt 2)
    403 — cooling off 180s (attempt 3)
[2404] HTTP 403 (will retry on a later run)
    403 — cooling off 60s (attempt 1)
    403 — cooling off 120s (attempt 2)
[2405] NEW: The Archer & The Flame by Marie Violet (5 tropes, spice Tame)
[2406] NEW: Undead Gods by Caitlyn Battelle (10 tropes, spice Tame)
[2407] NEW: Dawn of the White Witch by C.R. Lee (6 tropes, spice Tame)
[2408] NEW: The Red Woman and the White Bear by Fern A. Ellis (9 tropes, spice Tame)
[2409] NEW: Shade of Ruin by Evelyn Hart (6 tropes, spice Tame)
[2410] NEW: A Queen of Ice by Elise Kova (8 tropes, spice Medium Spice)
[2411] merged -> The Dagger and the Flame
[2413] merged -> We Hunt the Flame
[2418] merged -> Mating the Huntress
    403 — cooling off 60s (attempt 1)
    403 — cooling off 120s (attempt 2)
    403 — cooling off 180s (attempt 3)
[2419] HTTP 403 (will retry on a later run)
    403 — cooling off 60s (attempt 1)
    403 — cooling off 120s (attempt 2)
    403 — cooling off 180s (attempt 3)
[2420] HTTP 403 (will retry on a later run)
    403 — cooling off 60s (attempt 1)
    403 — cooling off 120s (attempt 2)
[2423] NEW: Avaritia by Colette Rhodes (5 tropes, spice Explicit)
[2425] NEW: Sweet Vengeance by Viano Oniomoh (5 tropes, spice Explicit)
[2426] NEW: Mortal Desires by Scarlett Reyes (8 tropes, spice Medium Spice)
[2427] NEW: Lord of Population by Elizabeth Stephens (6 tropes, spice Explicit)
[2428] NEW: Another Girl Meets Wolf Story by Jailaa West (2 tropes, spice Tame)
[2429] NEW: Obsidian Feathers by N. Caceres (5 tropes, spice Explicit)
[2430] NEW: Threads of Fate by Lexi Esmie (6 tropes, spice Explicit)
[2431] NEW: Seduced by Moonlight by Kenya Wright (5 tropes, spice Tame)
[2432] NEW: Sage's Monster by Jailaa West (1 tropes, spice Tame)
[2433] NEW: An Incubus Only Calls Your Name Once by A.M. Boone (7 tropes, spice Tame)
[2434] NEW: Nation of the Sun by HR Moore (7 tropes, spice Tame)
    403 — cooling off 60s (attempt 1)
    403 — cooling off 120s (attempt 2)
    403 — cooling off 180s (attempt 3)
[2435] HTTP 403 (will retry on a later run)
    403 — cooling off 60s (attempt 1)
    403 — cooling off 120s (attempt 2)
    403 — cooling off 180s (attempt 3)
[2436] HTTP 403 (will retry on a later run)
    403 — cooling off 60s (attempt 1)
    403 — cooling off 120s (attempt 2)
[2438] merged -> Five Broken Blades
[2439] merged -> Mistress of Lies
[2440] merged -> Immortal Dark
[2441] merged -> Legendborn
[2442] merged -> This Ravenous Fate
[2444] merged -> Sign of the Slayer
[2445] merged -> To Shape a Dragon's Breath
[2447] merged -> Iron Widow
[2449] merged -> The Gilded Ones
[2450] NEW: Heart of Stone by C. E. Murphy (4 tropes, spice Tame)
    403 — cooling off 60s (attempt 1)
    403 — cooling off 120s (attempt 2)
    403 — cooling off 180s (attempt 3)
[2451] HTTP 403 (will retry on a later run)
    403 — cooling off 60s (attempt 1)
    403 — cooling off 120s (attempt 2)
    403 — cooling off 180s (attempt 3)
[2452] HTTP 403 (will retry on a later run)
    403 — cooling off 60s (attempt 1)
    403 — cooling off 120s (attempt 2)
[2453] NEW: Assassin's Mercy by Lauren L. Garcia (5 tropes, spice Tame)
[2455] NEW: Skin of the Sea by Natasha Bowen (5 tropes, spice Tame)
[2457] merged -> Music of the Night
[2460] NEW: Song of Blood and Stone by L. Penelope (5 tropes, spice Tame)
[2461] merged -> The Blood Trials
[2466] merged -> Mirage
    403 — cooling off 60s (attempt 1)
    403 — cooling off 120s (attempt 2)
    403 — cooling off 180s (attempt 3)
[2467] HTTP 403 (will retry on a later run)
    403 — cooling off 60s (attempt 1)
    403 — cooling off 120s (attempt 2)
    403 — cooling off 180s (attempt 3)
[2468] HTTP 403 (will retry on a later run)
    403 — cooling off 60s (attempt 1)
    403 — cooling off 120s (attempt 2)
[2469] merged -> The Rose & the Dagger
[2470] merged -> Within These Wicked Walls
[2471] merged -> The Year of the Witching
[2472] merged -> Dread Nation
[2473] merged -> Deathless Divide
[2476] merged -> Children of Blood and Bone
[2478] merged -> The Book of Azrael
[2479] merged -> Flawed
[2480] merged -> A Magic Steeped in Poison
[2481] merged -> An Arrow to the Moon
[2482] NEW: Kwarq by Nikki Clarke (3 tropes, spice Tame)
    403 — cooling off 60s (attempt 1)
    403 — cooling off 120s (attempt 2)
    403 — cooling off 180s (attempt 3)
[2483] HTTP 403 (will retry on a later run)
    403 — cooling off 60s (attempt 1)
    403 — cooling off 120s (attempt 2)
    403 — cooling off 180s (attempt 3)
[2484] HTTP 403 (will retry on a later run)
    403 — cooling off 60s (attempt 1)
    403 — cooling off 120s (attempt 2)
[2486] merged -> The Light Between Worlds
[2487] merged -> The madness of Lord Ian Mackenzie
[2488] merged -> Act Your Age, Eve Brown
[2489] merged -> Take a Hint, Dani Brown
[2490] NEW: The Charm Offensive by Alison Cochrun (8 tropes, spice Tame)
[2491] NEW: Float Plan by Trish Doller (5 tropes, spice Tame)
[2494] NEW: Aerie by S.E. Wendel (6 tropes, spice Tame)
    403 — cooling off 60s (attempt 1)
    403 — cooling off 120s (attempt 2)
    403 — cooling off 180s (attempt 3)
[2499] HTTP 403 (will retry on a later run)
    403 — cooling off 60s (attempt 1)
    403 — cooling off 120s (attempt 2)
    403 — cooling off 180s (attempt 3)
[2500] HTTP 403 (will retry on a later run)
    403 — cooling off 60s (attempt 1)
    403 — cooling off 120s (attempt 2)
[2501] merged -> Cinderella is Dead
[2502] merged -> Spice Road
    403 — cooling off 60s (attempt 1)
    403 — cooling off 120s (attempt 2)
    403 — cooling off 180s (attempt 3)
[2515] HTTP 403 (will retry on a later run)
    403 — cooling off 60s (attempt 1)
    403 — cooling off 120s (attempt 2)
    403 — cooling off 180s (attempt 3)
[2516] HTTP 403 (will retry on a later run)
    403 — cooling off 60s (attempt 1)
    403 — cooling off 120s (attempt 2)
[2518] NEW: Crimson Hunter by N.D. Jones (6 tropes, spice Tame)
[2519] merged -> Vicious Bonds
[2520] NEW: Sleepless by Sarah Vaughn (4 tropes, spice Tame)
[2521] NEW: Immortal by Lauretta Hignett (3 tropes, spice Tame)
[2522] NEW: Shadow Hunt by Seressia Glass (4 tropes, spice Tame)
[2523] merged -> The High Mountain Court
[2524] NEW: Fleeing Fate by Sabrina Day (9 tropes, spice Explicit)
[2525] NEW: I’ll Come Back for You by Charish Reid (5 tropes, spice Tame)
[2526] NEW: So Let Them Burn by Kamilah Cole (5 tropes, spice Tame)
[2527] NEW: Living Legend by Allie Shante (6 tropes, spice Tame)
[2528] NEW: The Lingering Dark by Jade Church (6 tropes, spice Tame)
[2529] NEW: The Sun, The Storm, & The Shadows by Mikayla D. Hornedo (8 tropes, spice Tame)
[2530] NEW: Twin Blades by Noelle Upton (8 tropes, spice Explicit)
    403 — cooling off 60s (attempt 1)
    403 — cooling off 120s (attempt 2)
    403 — cooling off 180s (attempt 3)
[2531] HTTP 403 (will retry on a later run)
    403 — cooling off 60s (attempt 1)
    403 — cooling off 120s (attempt 2)
    403 — cooling off 180s (attempt 3)
[2532] HTTP 403 (will retry on a later run)
    403 — cooling off 60s (attempt 1)
    403 — cooling off 120s (attempt 2)
[2533] NEW: Earthers Go Hard by Bebe Harper (4 tropes, spice Explicit)
[2534] merged -> The Sea King
[2535] NEW: The Witch and the Monster by Chelsea Starling (8 tropes, spice Explicit)
[2536] merged -> You Made a Fool of Death with Your Beauty
[2537] NEW: Cindered Glass by Chalan Johnson (6 tropes, spice Medium Spice)
[2538] merged -> Siren & Scion
[2539] merged -> Storm & Shield
[2540] merged -> The Monsters We Defy
[2543] merged -> This Poison Heart
[2544] merged -> Raybearer
[2545] merged -> The Belles
[2546] NEW: The Bones of Ruin by Sarah Raughley (6 tropes, spice Tame)
    403 — cooling off 60s (attempt 1)
    403 — cooling off 120s (attempt 2)
    403 — cooling off 180s (attempt 3)
[2547] HTTP 403 (will retry on a later run)
    403 — cooling off 60s (attempt 1)
    403 — cooling off 120s (attempt 2)
    403 — cooling off 180s (attempt 3)
[2548] HTTP 403 (will retry on a later run)
    403 — cooling off 60s (attempt 1)
    403 — cooling off 120s (attempt 2)
[2550] merged -> A Soul to Guide
[2551] NEW: Witchful Thinking by Celestine Martin (11 tropes, spice Explicit)
[2552] NEW: Death's Dancer by Jasmine Silvera (5 tropes, spice Tame)
[2553] merged -> A Curse of Blood and Stone
[2554] merged -> A Fate of Wrath and Flame
[2557] merged -> Fated Throne
[2558] merged -> First-Time Caller
[2562] merged -> Shadow Princess
    403 — cooling off 60s (attempt 1)
    403 — cooling off 120s (attempt 2)
    403 — cooling off 180s (attempt 3)
[2563] HTTP 403 (will retry on a later run)
    403 — cooling off 60s (attempt 1)
    403 — cooling off 120s (attempt 2)
    403 — cooling off 180s (attempt 3)
[2564] HTTP 403 (will retry on a later run)
    403 — cooling off 60s (attempt 1)
    403 — cooling off 120s (attempt 2)
[2567] NEW: Bloodthirsty Beloved by Ella Fields (6 tropes, spice Explicit)
[2568] merged -> Alchemised
[2569] merged -> Kushiel's Dart
[2573] NEW: Lies Within the Darkest Tower by Tessa Cole (6 tropes, spice Tame)
    403 — cooling off 60s (attempt 1)
    403 — cooling off 120s (attempt 2)
    403 — cooling off 180s (attempt 3)
[2579] HTTP 403 (will retry on a later run)
    403 — cooling off 60s (attempt 1)
    403 — cooling off 120s (attempt 2)
    403 — cooling off 180s (attempt 3)
[2580] HTTP 403 (will retry on a later run)
    403 — cooling off 60s (attempt 1)
    403 — cooling off 120s (attempt 2)
[2584] NEW: Star Nomad by Lindsay Buroker (6 tropes, spice Tame)
[2587] merged -> A Darker Shade of Magic
[2591] merged -> Red Rising
    403 — cooling off 60s (attempt 1)
    403 — cooling off 120s (attempt 2)
    403 — cooling off 180s (attempt 3)
[2595] HTTP 403 (will retry on a later run)
    403 — cooling off 60s (attempt 1)
    403 — cooling off 120s (attempt 2)
    403 — cooling off 180s (attempt 3)
[2596] HTTP 403 (will retry on a later run)
    403 — cooling off 60s (attempt 1)
    403 — cooling off 120s (attempt 2)
[2598] NEW: Tress of the Emerald Sea by Brandon Sanderson (0 tropes, spice Tame)
[2600] NEW: The Little Flower Shop by the Sea by Ali McNamara (5 tropes, spice Tame)
[2601] NEW: The Wishing Game by Meg Shaffer (4 tropes, spice No Spice)
[2610] merged -> Realm Breaker
    403 — cooling off 60s (attempt 1)
    403 — cooling off 120s (attempt 2)
    403 — cooling off 180s (attempt 3)
[2611] HTTP 403 (will retry on a later run)
    403 — cooling off 60s (attempt 1)
    403 — cooling off 120s (attempt 2)
    403 — cooling off 180s (attempt 3)
[2612] HTTP 403 (will retry on a later run)
    403 — cooling off 60s (attempt 1)
    403 — cooling off 120s (attempt 2)
[2614] merged -> Senlin Ascends
[2617] merged -> Akarnae
[2620] NEW: Galatea by Madeline Miller (0 tropes, spice No Spice)
    403 — cooling off 60s (attempt 1)
    403 — cooling off 120s (attempt 2)
    403 — cooling off 180s (attempt 3)
[2627] HTTP 403 (will retry on a later run)
    403 — cooling off 60s (attempt 1)
    403 — cooling off 120s (attempt 2)
    403 — cooling off 180s (attempt 3)
[2628] HTTP 403 (will retry on a later run)
    403 — cooling off 60s (attempt 1)
    403 — cooling off 120s (attempt 2)
[2632] merged -> Rebecca
[2634] merged -> Jonathan Strange & Mr Norrell
[2637] merged -> Piranesi
[2641] merged -> The Snow Child
    403 — cooling off 60s (attempt 1)
    403 — cooling off 120s (attempt 2)
    403 — cooling off 180s (attempt 3)
[2643] HTTP 403 (will retry on a later run)
    403 — cooling off 60s (attempt 1)
    403 — cooling off 120s (attempt 2)
    403 — cooling off 180s (attempt 3)
[2644] HTTP 403 (will retry on a later run)
    403 — cooling off 60s (attempt 1)
    403 — cooling off 120s (attempt 2)
[2645] merged -> The Well of Ascension
[2646] NEW: The Curse that Binds by Laura Thalassa (6 tropes, spice Explicit)
[2650] NEW: Return to the Outer Banks House by Diann Ducharme (2 tropes, spice Tame)
[2655] merged -> The Ballad of Songbirds and Snakes
[2658] merged -> The Frugal Wizard's Handbook for Surviving Medieval England
    403 — cooling off 60s (attempt 1)
    403 — cooling off 120s (attempt 2)
    403 — cooling off 180s (attempt 3)
[2659] HTTP 403 (will retry on a later run)
    403 — cooling off 60s (attempt 1)
    403 — cooling off 120s (attempt 2)
    403 — cooling off 180s (attempt 3)
[2660] HTTP 403 (will retry on a later run)
    403 — cooling off 60s (attempt 1)
    403 — cooling off 120s (attempt 2)
    403 — cooling off 60s (attempt 1)
    403 — cooling off 120s (attempt 2)
    403 — cooling off 180s (attempt 3)
[2675] HTTP 403 (will retry on a later run)
    403 — cooling off 60s (attempt 1)
    403 — cooling off 120s (attempt 2)
    403 — cooling off 180s (attempt 3)
[2676] HTTP 403 (will retry on a later run)
    403 — cooling off 60s (attempt 1)
    403 — cooling off 120s (attempt 2)
    403 — cooling off 60s (attempt 1)
    403 — cooling off 120s (attempt 2)
    403 — cooling off 180s (attempt 3)
[2691] HTTP 403 (will retry on a later run)
    403 — cooling off 60s (attempt 1)
    403 — cooling off 120s (attempt 2)
    403 — cooling off 180s (attempt 3)
[2692] HTTP 403 (will retry on a later run)
    403 — cooling off 60s (attempt 1)
    403 — cooling off 120s (attempt 2)
[2698] merged -> Extras
[2699] merged -> Uglies

Done. Added 270, updated 128, already-complete 19, missing/empty ids 198. Processed this run: 615.
Now run: python sync_db.py --refresh
resuming: 2,360 ids already processed
[2015] NEW: Heir of Broken Fate by Mads Rafferty (6 tropes, spice Explicit)
[2031] NEW: Eclipse of the Crown by A.K. Caggiano (8 tropes, spice Medium Spice)
[2047] merged -> Horses of Fire: A Novel of Troy
[2079] NEW: A Kingdom of Shadow and Sacrifice by Whitney Dean (3 tropes, spice Explicit)
[2080] NEW: Spring of Ruin by J.L. Vampa (6 tropes, spice Medium Spice)
[2100] NEW: Dreams by Misha Quinn (7 tropes, spice Tame)
[2101] NEW: The Duke's Curse by Lola Knoes (7 tropes, spice Tame)
[2116] NEW: The Unseen Heir by Kenley Davidson (5 tropes, spice Tame)
[2132] NEW: A Realm of Ash and Shadow by Lara Buckheit (6 tropes, spice Medium Spice)
[2133] NEW: Of Ashes and Crowns by Amber Palmer (4 tropes, spice Explicit)
[2148] merged -> Thief Liar Lady
[2149] NEW: Omen of Ice by Jus Accardo (6 tropes, spice Tame)
[2164] NEW: Under the Aegis by Elizabeth Douka (5 tropes, spice Medium Spice)
[2165] merged -> Warrior of the Drowned Empire
[2180] NEW: Ashwalker by S.M. Gaither (5 tropes, spice Tame)
[2181] NEW: What Echoes in the Dark by S.M. Gaither (4 tropes, spice Explicit)
[2196] merged -> Beneath
[2197] NEW: Bastard of the Drowned Empire by Frankie Diane Mallis (6 tropes, spice Explicit)
[2212] merged -> Rose in Chains
[2213] merged -> Iron & Embers
[2228] NEW: The Elflaine Chronicles: Song of Starlight by Haley Hamilton (6 tropes, spice Tame)
[2229] merged -> Grim and Oro
[2244] merged -> A Harvest of Hearts
[2260] NEW: Their Wicked Cage by Lara Buckheit (7 tropes, spice Explicit)
[2261] merged -> The Rebel and the Rose
[2276] NEW: Of Light and Freedom by Rachel Fallon (7 tropes, spice Explicit)
[2277] NEW: A Poem Penned in Poison by Renee Dugan (6 tropes, spice Tame)
[2292] NEW: Too Cursed to Kiss by J. Morgyn White (7 tropes, spice Tame)
[2293] NEW: A Fate so Dark and Delicate by Sophia St. Germain (5 tropes, spice Explicit)
[2309] merged -> City of Lies and Legends
[2324] merged -> Queens of Mist and Madness
[2325] merged -> Whispers of the Deep
[2357] NEW: City of Mirth and Malice by Alexis L. Menard (6 tropes, spice Explicit)
[2372] NEW: Summer of Sacrifice by J.L. Vampa (4 tropes, spice Medium Spice)
[2387] NEW: The Chains of Fate by Samantha Amstutz (7 tropes, spice Explicit)
[2388] merged -> Long Live Evil
[2403] NEW: The Crimson Snow by Laura Vega (4 tropes, spice Tame)
[2404] NEW: Ruin by Gillian Eliza West (7 tropes, spice Explicit)
[2419] NEW: Shadow Blade by Seressia Glass (6 tropes, spice Tame)
[2435] NEW: A Lair So Sinful by Zoey Ellis (9 tropes, spice Explicit)
[2452] merged -> We Set the Dark on Fire
[2467] merged -> Court of Lions
[2483] merged -> Dark City Omega
[2499] NEW: Blood Debts by Taylor J. Walker (3 tropes, spice Tame)
[2500] NEW: Soul of the Deep by Natasha Bowen (5 tropes, spice Tame)
[2531] merged -> The Fall That Saved Us
[2547] merged -> Beasts of Prey
[2548] NEW: Sing Me to Sleep by Gabi Burton (6 tropes, spice Tame)
[2563] merged -> Sorrow and Starlight
[2611] merged -> The Bone Season
[2627] merged -> The Raven Boys
[2644] merged -> The Hero of Ages
[2660] merged -> Sunrise on the Reaping

Done. Added 30, updated 23, already-complete 4, missing/empty ids 28. Processed this run: 85.
Now run: python sync_db.py --refresh
