resuming: 257 ids already processed
[310] merged -> The Hating Game
[311] merged -> To All the Boys I've Loved Before
[312] merged -> Tea & Alchemy
[313] merged -> We Who Will Die
[314] merged -> Bonds of Hercules
[315] merged -> The Night Prince
[318] NEW: Hollow by Caroline Peckham (7 tropes, spice Explicit)
[319] merged -> Blood of Hercules
[320] merged -> The Wolf King
[321] merged -> Kiss of the Basilisk
    403 — cooling off 60s (attempt 1)
    403 — cooling off 120s (attempt 2)
    403 — cooling off 180s (attempt 3)
[322] HTTP 403 (will retry on a later run)
    403 — cooling off 60s (attempt 1)
    403 — cooling off 120s (attempt 2)
    403 — cooling off 180s (attempt 3)
[323] HTTP 403 (will retry on a later run)
    403 — cooling off 60s (attempt 1)
    403 — cooling off 120s (attempt 2)
[324] merged -> Anathema
[325] merged -> Rain of Shadows and Endings
[327] merged -> Eldritch
[328] NEW: Storm of Secrets and Sorrow by Melissa K. Roehrich (9 tropes, spice Explicit)
[329] merged -> A Shadow in the Ember
[330] merged -> Smoke and Scar
[331] merged -> Between Two Kings
[332] merged -> Glow of the Everflame
[334] merged -> Rites of the Starling
[335] merged -> The Female
[336] merged -> A Forbidden Alchemy
[337] merged -> Zodiac Academy: The Awakening
    403 — cooling off 60s (attempt 1)
    403 — cooling off 120s (attempt 2)
    403 — cooling off 180s (attempt 3)
[338] HTTP 403 (will retry on a later run)
    403 — cooling off 60s (attempt 1)
    403 — cooling off 120s (attempt 2)
    403 — cooling off 180s (attempt 3)
[339] HTTP 403 (will retry on a later run)
    403 — cooling off 60s (attempt 1)
    403 — cooling off 120s (attempt 2)
[340] NEW: Throne of Nightmares by Kerri Maniscalco (6 tropes, spice Explicit)
[341] merged -> The Never King
[342] NEW: The Wicked Sea by Jordan Stephanie Gray (9 tropes, spice Explicit)
[343] NEW: The Wrath of the Fallen by Amber V. Nicole (8 tropes, spice Explicit)
[344] merged -> A Vow in Vengeance
[345] NEW: The Antiquarian's Object of Desire by India Holton (6 tropes, spice Medium Spice)
[346] NEW: Death's Daughter by S.A. Barnes (5 tropes, spice Medium Spice)
[347] merged -> Dominion
[348] NEW: Archangel's Eternity by Nalini Singh (2 tropes, spice Explicit)
[349] merged -> Dark Heir
[350] NEW: Dawn of the North by Demi Winters (8 tropes, spice Explicit)
[352] NEW: Graceless Heart by Isabel Ibañez (7 tropes, spice Tame)
[353] NEW: We Who Have No Gods by Liza Anderson (5 tropes, spice Tame)
    403 — cooling off 60s (attempt 1)
    403 — cooling off 120s (attempt 2)
    403 — cooling off 180s (attempt 3)
[354] HTTP 403 (will retry on a later run)
    403 — cooling off 60s (attempt 1)
    403 — cooling off 120s (attempt 2)
    403 — cooling off 180s (attempt 3)
[355] HTTP 403 (will retry on a later run)
    403 — cooling off 60s (attempt 1)
    403 — cooling off 120s (attempt 2)
[356] merged -> Silver & Blood
[357] NEW: Rings of Fate by Melissa de la Cruz (6 tropes, spice Explicit)
[358] merged -> A Deal with the Elf King
[359] merged -> The Shadows Between Us
[360] NEW: Enchanting the Fae Queen by Stephanie Burgis (10 tropes, spice Medium Spice)
[361] merged -> Red Queen
[362] merged -> These Hollow Vows
[363] merged -> Serpent & Dove
[364] merged -> What Lies Beyond the Veil
[365] merged -> A Promise of Fire
[367] merged -> Air Awakens
[368] merged -> Blood & Steel
[369] NEW: A Tale of Stars and Shadow by Lisa Cassidy (7 tropes, spice Tame)
    403 — cooling off 60s (attempt 1)
    403 — cooling off 120s (attempt 2)
    403 — cooling off 180s (attempt 3)
[370] HTTP 403 (will retry on a later run)
    403 — cooling off 60s (attempt 1)
    403 — cooling off 120s (attempt 2)
    403 — cooling off 180s (attempt 3)
[371] HTTP 403 (will retry on a later run)
    403 — cooling off 60s (attempt 1)
    403 — cooling off 120s (attempt 2)
[372] merged -> Furyborn
[373] NEW: Oath Taker by Audrey Grey (6 tropes, spice Tame)
[374] merged -> A Ruin of Roses
[375] merged -> Curse of Shadows and Thorns
[376] NEW: A Kingdom of Blood and Magic by Chiara Forestieri (5 tropes, spice Tame)
[377] NEW: A Storm of Silver and Ash by Marion Blackwood (0 tropes, spice Tame)
[378] NEW: Court of Bitter Thorn by Kay L. Moody (5 tropes, spice Tame)
[379] merged -> Spark of the Everflame
[380] merged -> An Heir Comes to Rise
[381] NEW: Blade & Rose by Miranda Honfleur (8 tropes, spice Tame)
[382] NEW: The Court that Bleeds Gold by Zara Storm (6 tropes, spice Medium Spice)
[383] merged -> A Trial of Sorcerers
[384] NEW: The Moonfire Bride by Sylvia Mercedes (8 tropes, spice Tame)
    403 — cooling off 60s (attempt 1)
    403 — cooling off 120s (attempt 2)
    403 — cooling off 180s (attempt 3)
[386] HTTP 403 (will retry on a later run)
    403 — cooling off 60s (attempt 1)
    403 — cooling off 120s (attempt 2)
    403 — cooling off 180s (attempt 3)
[387] HTTP 403 (will retry on a later run)
    403 — cooling off 60s (attempt 1)
    403 — cooling off 120s (attempt 2)
[388] merged -> Lord of the Fading Lands
[389] NEW: Heart of the Fae by Emma Hamm (7 tropes, spice Tame)
[390] NEW: Stealing Embers by Julie Hall (4 tropes, spice Tame)
[391] merged -> Hush, hush
[393] NEW: Of Thorns and Beauty by Elle Madison (7 tropes, spice Tame)
[394] NEW: A Queen Comes to Power by Chloe C. Peñaranda (6 tropes, spice Medium Spice)
[395] merged -> Fantasy of Frost
[396] merged -> Lakesedge
[397] NEW: Kingdom of Villains by Ella Fields (9 tropes, spice Explicit)
[398] merged -> Court of Shadows
[399] merged -> A Cursed Kiss
[400] NEW: Heir of Ruin by Leigh Kelsey (6 tropes, spice Tame)
[401] NEW: Reign of Night by Sara C. Roethle (8 tropes, spice Tame)
    403 — cooling off 60s (attempt 1)
    403 — cooling off 120s (attempt 2)
    403 — cooling off 180s (attempt 3)
[402] HTTP 403 (will retry on a later run)
    403 — cooling off 60s (attempt 1)
    403 — cooling off 120s (attempt 2)
    403 — cooling off 180s (attempt 3)
[403] HTTP 403 (will retry on a later run)
    403 — cooling off 60s (attempt 1)
    403 — cooling off 120s (attempt 2)
[404] merged -> A Tongue so Sweet and Deadly
[405] merged -> Death
[408] NEW: War by Laura Thalassa (8 tropes, spice Explicit)
[409] NEW: King of Sword and Sky by C.L. Wilson (7 tropes, spice Medium Spice)
[411] merged -> Crown of Crystal Flame
[412] NEW: The Reckoning by Kelley Armstrong (3 tropes, spice Tame)
[414] merged -> Lady of Light and Shadows
[415] merged -> Pestilence
[416] NEW: Queen of Song and Souls by C.L. Wilson (9 tropes, spice Explicit)
[417] NEW: House of Bastiion by K.L. Kolarich (4 tropes, spice Tame)
    403 — cooling off 60s (attempt 1)
    403 — cooling off 120s (attempt 2)
    403 — cooling off 180s (attempt 3)
[418] HTTP 403 (will retry on a later run)
    403 — cooling off 60s (attempt 1)
    403 — cooling off 120s (attempt 2)
    403 — cooling off 180s (attempt 3)
[419] HTTP 403 (will retry on a later run)
    403 — cooling off 60s (attempt 1)
    403 — cooling off 120s (attempt 2)
[420] NEW: A Clash of Three Courts by Chloe C. Peñaranda (6 tropes, spice Explicit)
[421] merged -> Shatter Me
[422] NEW: The Hunt by Frost Kay (4 tropes, spice Tame)
[423] merged -> A Throne of Ruin
[424] merged -> A Kingdom of Ruin
[425] NEW: Assassin's Heart by Sarah Ahiers (6 tropes, spice Tame)
[426] NEW: A Queen of Ruin by K.F. Breene (5 tropes, spice Explicit)
[427] merged -> Neon Gods
[428] NEW: Enchanting the Elven Mage by Alisha Klapheke (5 tropes, spice Tame)
[429] merged -> Untainted
[430] NEW: Blood of Two Crowns by Chiara Forestieri (9 tropes, spice Explicit)
[431] merged -> Metal Slinger
[433] merged -> Servant of Earth
    403 — cooling off 60s (attempt 1)
    403 — cooling off 120s (attempt 2)
    403 — cooling off 180s (attempt 3)
[434] HTTP 403 (will retry on a later run)
    403 — cooling off 60s (attempt 1)
    403 — cooling off 120s (attempt 2)
    403 — cooling off 180s (attempt 3)
[435] HTTP 403 (will retry on a later run)
    403 — cooling off 60s (attempt 1)
    403 — cooling off 120s (attempt 2)
[436] merged -> Riftborne
[437] merged -> House of Bane and Blood
[438] NEW: Duskbound by Bree Grenwich & Parker Lennox (7 tropes, spice Medium Spice)
[440] NEW: Xantera by Mariah Montoya and Grace Pearce (9 tropes, spice Medium Spice)
[441] merged -> The Rose Bargain
[442] merged -> The Shattered King
[443] merged -> The Raven Scholar
[444] merged -> A Fire Endless
[445] merged -> A River Enchanted
[449] merged -> In the Veins of the Drowning
    403 — cooling off 60s (attempt 1)
    403 — cooling off 120s (attempt 2)
    403 — cooling off 180s (attempt 3)
[450] HTTP 403 (will retry on a later run)
    403 — cooling off 60s (attempt 1)
    403 — cooling off 120s (attempt 2)
    403 — cooling off 180s (attempt 3)
[451] HTTP 403 (will retry on a later run)
    403 — cooling off 60s (attempt 1)
    403 — cooling off 120s (attempt 2)
[452] merged -> Graceling
[453] merged -> The Darkangel
[454] merged -> Wicked Lovely
[456] merged -> Unspoken
[457] NEW: The Princess Will Save You by Sarah Henning (8 tropes, spice Tame)
[458] merged -> The Seer and the Sword
[459] NEW: Song of the Lioness by Tamora Pierce (5 tropes, spice Tame)
[460] merged -> Ash Princess
[462] merged -> An ember in the ashes
[464] NEW: Starhunt by Alysa Misfeldt (7 tropes, spice Tame)
    403 — cooling off 60s (attempt 1)
    403 — cooling off 120s (attempt 2)
    403 — cooling off 180s (attempt 3)
[466] HTTP 403 (will retry on a later run)
    403 — cooling off 60s (attempt 1)
    403 — cooling off 120s (attempt 2)
    403 — cooling off 180s (attempt 3)
[467] HTTP 403 (will retry on a later run)
    403 — cooling off 60s (attempt 1)
    403 — cooling off 120s (attempt 2)
[468] NEW: Silverbow by Noelle Parker (5 tropes, spice Tame)
[471] merged -> Conform
[472] NEW: Kissed by the Gods by Caty Rogan (7 tropes, spice Medium Spice)
[474] NEW: The Poison Daughter by Sheila Masterson (7 tropes, spice Explicit)
[475] merged -> Trial of the Sun Queen
[477] NEW: The Wings That Bind by Briar Boleyn (8 tropes, spice Medium Spice)
[478] merged -> Light Wielder
[480] merged -> Broken Dove
[481] merged -> The Thorn Queen
    403 — cooling off 60s (attempt 1)
    403 — cooling off 120s (attempt 2)
    403 — cooling off 180s (attempt 3)
[482] HTTP 403 (will retry on a later run)
    403 — cooling off 60s (attempt 1)
    403 — cooling off 120s (attempt 2)
    403 — cooling off 180s (attempt 3)
[483] HTTP 403 (will retry on a later run)
    403 — cooling off 60s (attempt 1)
    403 — cooling off 120s (attempt 2)
[485] NEW: Merciful is the Dark by Sophie Clark (4 tropes, spice Tame)
[486] NEW: Starlight and Storm by Rachel Greenlaw (4 tropes, spice Tame)
[487] merged -> To Snap a Silver Stem
[488] NEW: The Baby Dragon Cafe by Aamna Qureshi (6 tropes, spice Tame)
[489] merged -> Innamorata
[490] merged -> Starside
[492] merged -> Blood Bound
[493] merged -> A Dark Forgetting
[494] NEW: The Last Starborn Seer by Venetia Constantine (10 tropes, spice Tame)
[495] merged -> Agnes Aubert's Mystical Cat Shelter
[496] merged -> A Stage Set for Villains
    403 — cooling off 60s (attempt 1)
    403 — cooling off 120s (attempt 2)
    403 — cooling off 180s (attempt 3)
[498] HTTP 403 (will retry on a later run)
    403 — cooling off 60s (attempt 1)
    403 — cooling off 120s (attempt 2)
    403 — cooling off 180s (attempt 3)
[499] HTTP 403 (will retry on a later run)
    403 — cooling off 60s (attempt 1)
    403 — cooling off 120s (attempt 2)
[500] merged -> Unearthly (Unearthly #1)
[513] merged -> Bred by the Wolfman
    403 — cooling off 60s (attempt 1)
    403 — cooling off 120s (attempt 2)
    403 — cooling off 180s (attempt 3)
[514] HTTP 403 (will retry on a later run)
    403 — cooling off 60s (attempt 1)
    403 — cooling off 120s (attempt 2)
    403 — cooling off 180s (attempt 3)
[515] HTTP 403 (will retry on a later run)
    403 — cooling off 60s (attempt 1)
    403 — cooling off 120s (attempt 2)
[516] merged -> The Very Secret Society of Irregular Witches
[517] merged -> One Golden Summer
[518] merged -> Swept Away
[519] NEW: Six Weeks by the Sea by Paula Byrne (5 tropes, spice Tame)
[520] merged -> Amid Clouds and Bones
[521] merged -> Filthy Rich Fae
[522] NEW: Heir Of Sun And Moon by Jenessa Ren (1 tropes, spice Tame)
[523] merged -> A Witch's Guide to Fake Dating a Demon
[525] merged -> The Jasmine Throne
[526] merged -> The Curse of Chalion
[527] NEW: Bonded by Thorns by Elizabeth Helen (8 tropes, spice Medium Spice)
[529] merged -> Alone With You in the Ether
    403 — cooling off 60s (attempt 1)
    403 — cooling off 120s (attempt 2)
    403 — cooling off 180s (attempt 3)
[530] HTTP 403 (will retry on a later run)
    403 — cooling off 60s (attempt 1)
    403 — cooling off 120s (attempt 2)
    403 — cooling off 180s (attempt 3)
[531] HTTP 403 (will retry on a later run)
    403 — cooling off 60s (attempt 1)
    403 — cooling off 120s (attempt 2)
[532] merged -> Nevernight
[533] NEW: Priestess by Marie Montine (7 tropes, spice Tame)
[534] NEW: Beyond the Faerie Gate by Marie Mistry (7 tropes, spice Tame)
[535] merged -> Heat of the Everflame
[536] merged -> Consort of Fire
[537] merged -> Fairydale
[538] merged -> City of Souls and Sinners
[539] merged -> Deathless
[540] merged -> Strange the Dreamer
[541] merged -> The House in the Cerulean Sea
[542] merged -> The Ten Thousand Doors of January
[543] merged -> Spinning Silver
[544] merged -> Uprooted
[545] NEW: The Mapmaker's War by Ronlyn Domingue (5 tropes, spice Tame)
    403 — cooling off 60s (attempt 1)
    403 — cooling off 120s (attempt 2)
    403 — cooling off 180s (attempt 3)
[546] HTTP 403 (will retry on a later run)
    403 — cooling off 60s (attempt 1)
    403 — cooling off 120s (attempt 2)
    403 — cooling off 180s (attempt 3)
[547] HTTP 403 (will retry on a later run)
    403 — cooling off 60s (attempt 1)
    403 — cooling off 120s (attempt 2)
[549] merged -> Golem and the Jinni
[550] merged -> The Night Circus
[551] NEW: The King's Captive by K.M. Shea (5 tropes, spice Tame)
[552] merged -> Bespelled
[553] merged -> Bewitched
[554] NEW: Home to the Outer Banks by Diann Ducharme (3 tropes, spice Tame)
[556] merged -> The Ex Hex
[557] NEW: The Outer Banks House by Diann Ducharme (3 tropes, spice Tame)
[558] merged -> The Mask of Mirrors
[559] merged -> Slaying the Vampire Conqueror
[560] NEW: The Blood Vier by Christy R. Harrill (4 tropes, spice Tame)
[561] merged -> Daughter of the Blood
    403 — cooling off 60s (attempt 1)
    403 — cooling off 120s (attempt 2)
    403 — cooling off 180s (attempt 3)
[562] HTTP 403 (will retry on a later run)
    403 — cooling off 60s (attempt 1)
    403 — cooling off 120s (attempt 2)
    403 — cooling off 180s (attempt 3)
[563] HTTP 403 (will retry on a later run)
    403 — cooling off 60s (attempt 1)
    403 — cooling off 120s (attempt 2)
[564] merged -> Praise
[565] NEW: The Lady and the Orc by Finley Fenn (10 tropes, spice Explicit)
[566] merged -> Sabriel
[568] merged -> A Queen This Fierce and Deadly
[569] merged -> Powerful
[570] merged -> A Kingdom This Cursed and Empty
[571] NEW: An Ember In The Forest by Emily Grey (6 tropes, spice Tame)
[572] merged -> Lady Midnight
[573] NEW: The Lost God by Sheila Masterson (8 tropes, spice Explicit)
[574] merged -> The Deer and the Dragon
[575] NEW: Red Winter by Annette Marie (5 tropes, spice Tame)
[576] NEW: Court of Winter by Krista Street (7 tropes, spice Tame)
[577] merged -> Throne in the Dark
    403 — cooling off 60s (attempt 1)
    403 — cooling off 120s (attempt 2)
    403 — cooling off 180s (attempt 3)
[578] HTTP 403 (will retry on a later run)
    403 — cooling off 60s (attempt 1)
    403 — cooling off 120s (attempt 2)
    403 — cooling off 180s (attempt 3)
[579] HTTP 403 (will retry on a later run)
    403 — cooling off 60s (attempt 1)
    403 — cooling off 120s (attempt 2)
[580] NEW: Heart's Blood by Juliet Marillier (7 tropes, spice Tame)
[581] merged -> That Time I Got Drunk and Saved a Demon
[582] merged -> Written in Red
[583] merged -> A Sorceress Comes to Call
[584] NEW: The Hunter's Gambit by Ciel Pierlot (6 tropes, spice Explicit)
[586] NEW: Nectar of the Wicked by Ella Fields (10 tropes, spice Explicit)
[587] merged -> The Wonder Engine
[588] merged -> Captive Prince
[589] merged -> The Ashes and the Star-Cursed King
[591] NEW: Hunted by Meagan Spooner (5 tropes, spice Tame)
[592] merged -> Paladin's Grace
[593] merged -> Heartless Hunter
    403 — cooling off 60s (attempt 1)
    403 — cooling off 120s (attempt 2)
    403 — cooling off 180s (attempt 3)
[594] HTTP 403 (will retry on a later run)
    403 — cooling off 60s (attempt 1)
    403 — cooling off 120s (attempt 2)
    403 — cooling off 180s (attempt 3)
[595] HTTP 403 (will retry on a later run)
    403 — cooling off 60s (attempt 1)
    403 — cooling off 120s (attempt 2)
[596] merged -> An Enchantment of Ravens
[597] merged -> House of Lies and Sorrow
[598] NEW: The Gaill by Lo Meyer (5 tropes, spice Tame)
[599] merged -> The Curse of Ophelia
[600] NEW: A Crown of Ash and Silver by B.C. FaJohn (9 tropes, spice Tame)

Done. Added 73, updated 134, already-complete 10, missing/empty ids 40. Processed this run: 257.
Now run: python sync_db.py --refresh
