resuming: 514 ids already processed
[601] merged -> A Kiss of Iron
[603] NEW: A Sea of Blood and Sapphire by Florence Gray (6 tropes, spice Tame)
[605] NEW: Hollow Court by Robin D. Mahle, Elle Madison (7 tropes, spice Tame)
[606] merged -> Fear the Flames
[607] merged -> The Phoenix King
[608] merged -> The Witch Collector
[609] NEW: Meet Me in the Ether by Iris Lake (7 tropes, spice Tame)
[610] NEW: Obsidian Throne by Robin D. Mahle & Elle Madison (5 tropes, spice Medium Spice)
[611] merged -> A Fire in the Flesh
[612] merged -> The Hanging City
[613] merged -> A Light in the Flame
    403 — cooling off 60s (attempt 1)
    403 — cooling off 120s (attempt 2)
    403 — cooling off 180s (attempt 3)
[615] HTTP 403 (will retry on a later run)
    403 — cooling off 60s (attempt 1)
    403 — cooling off 120s (attempt 2)
    403 — cooling off 180s (attempt 3)
resuming: 514 ids already processed
    403 — cooling off 60s (attempt 1)
    403 — cooling off 120s (attempt 2)
    403 — cooling off 180s (attempt 3)
[601] merged -> A Kiss of Iron
[603] NEW: A Sea of Blood and Sapphire by Florence Gray (6 tropes, spice Tame)
[605] NEW: Hollow Court by Robin D. Mahle, Elle Madison (7 tropes, spice Tame)
[606] merged -> Fear the Flames
[607] merged -> The Phoenix King
[608] merged -> The Witch Collector
[609] NEW: Meet Me in the Ether by Iris Lake (7 tropes, spice Tame)
[610] NEW: Obsidian Throne by Robin D. Mahle & Elle Madison (5 tropes, spice Medium Spice)
[611] merged -> A Fire in the Flesh
[612] merged -> The Hanging City
[613] merged -> A Light in the Flame
    403 — cooling off 60s (attempt 1)
    403 — cooling off 120s (attempt 2)
    403 — cooling off 180s (attempt 3)
[615] HTTP 403 (will retry on a later run)
    403 — cooling off 60s (attempt 1)
    403 — cooling off 120s (attempt 2)
    403 — cooling off 180s (attempt 3)
[616] HTTP 403 (will retry on a later run)
    403 — cooling off 60s (attempt 1)
    403 — cooling off 120s (attempt 2)
[617] merged -> The Coven
[619] NEW: Esperance by Lisa Henry (9 tropes, spice Tame)
[620] merged -> Rule of the Aurora King
[621] merged -> Manacled
[622] merged -> Half a Soul
[623] merged -> Daughter of the Forest
[624] NEW: Captured by the Fae Beast by Mallory Dunlin (8 tropes, spice Explicit)
[626] NEW: Realm of Nightmares by Hillary Raymer (5 tropes, spice Explicit)
[627] NEW: This Wicked Curse (Realm of Monsters) by Amanda Aggie (9 tropes, spice Explicit)
[628] NEW: Fate of a Royal by Meagan Brandy & Amo Jones (8 tropes, spice Explicit)
[629] NEW: Lady of Ashes by Melissa K. Roehrich (8 tropes, spice Explicit)
[630] merged -> The Throne of Broken Gods
    403 — cooling off 60s (attempt 1)
    403 — cooling off 120s (attempt 2)
    403 — cooling off 180s (attempt 3)
[631] HTTP 403 (will retry on a later run)
    403 — cooling off 60s (attempt 1)
    403 — cooling off 120s (attempt 2)
    403 — cooling off 180s (attempt 3)
[632] HTTP 403 (will retry on a later run)
    403 — cooling off 60s (attempt 1)
    403 — cooling off 120s (attempt 2)
[633] merged -> The Hurricane Wars
[634] NEW: Power Hungry by Wanda Swan (6 tropes, spice Tame)
[635] merged -> Lady of Darkness
[636] NEW: Of Mist and Shadow by Jenna Wolfhart (7 tropes, spice Tame)
[637] merged -> The Foxglove King
[638] merged -> What the River Knows
[639] merged -> A Broken Blade
[641] merged -> Bride to the Fiend Prince
[642] merged -> Circe
[643] merged -> The Last Dragon King
[644] merged -> Fallen Academy: Year One
[645] NEW: Tarnished Crown by Robin D. Mahle & Elle Madison (7 tropes, spice Tame)
[646] merged -> Book Lovers
    403 — cooling off 60s (attempt 1)
    403 — cooling off 120s (attempt 2)
    403 — cooling off 180s (attempt 3)
[647] HTTP 403 (will retry on a later run)
    403 — cooling off 60s (attempt 1)
    403 — cooling off 120s (attempt 2)
    403 — cooling off 180s (attempt 3)
[648] HTTP 403 (will retry on a later run)
    403 — cooling off 60s (attempt 1)
    403 — cooling off 120s (attempt 2)
[649] NEW: The Rowan by Stella Brie (7 tropes, spice Tame)
[650] merged -> Bonds of Cupidity
[656] merged -> Crimes of Cupidity
[658] merged -> Her Soul to Take
[659] merged -> The Summer Girl
[660] merged -> The Deal
[661] merged -> Hooked
[662] merged -> Nettle & Bone
    403 — cooling off 60s (attempt 1)
    403 — cooling off 120s (attempt 2)
    403 — cooling off 180s (attempt 3)
[663] HTTP 403 (will retry on a later run)
    403 — cooling off 60s (attempt 1)
    403 — cooling off 120s (attempt 2)
    403 — cooling off 180s (attempt 3)
[664] HTTP 403 (will retry on a later run)
    403 — cooling off 60s (attempt 1)
    403 — cooling off 120s (attempt 2)
[665] merged -> Credence
[666] NEW: A Crown of Ivy and Glass by Claire Legrand (7 tropes, spice Medium Spice)
[667] NEW: Wicked Curse by Candace Osmond (6 tropes, spice Tame)
[669] merged -> The Darkening
[670] NEW: Sheer Cupidity by Raven Kennedy (4 tropes, spice Explicit)
[671] NEW: Dark Kings by Sadie Moss (6 tropes, spice Tame)
[672] NEW: For the Love of Cupidity by Raven Kennedy (4 tropes, spice Explicit)
[673] merged -> Signs of Cupidity
[675] merged -> A Kingdom of Stars and Shadows
[676] merged -> Ledge: The Glacian Trilogy: Book I
    403 — cooling off 60s (attempt 1)
    403 — cooling off 120s (attempt 2)
    403 — cooling off 180s (attempt 3)
[679] HTTP 403 (will retry on a later run)
    403 — cooling off 60s (attempt 1)
    403 — cooling off 120s (attempt 2)
    403 — cooling off 180s (attempt 3)
[680] merged -> Blood Mercy
[681] NEW: A Lady of Embers by Erin O'Kane (7 tropes, spice Tame)
[682] merged -> Defy the Night
[683] NEW: The Raven and the Rush by Sarah M. Cradit (4 tropes, spice Tame)
[684] NEW: Married to the Fae Queen by Melissa McTernan (6 tropes, spice Medium Spice)
[685] NEW: Trickery by Jaymin Eve & Jane Washington (4 tropes, spice Tame)
[686] merged -> The Once and Future Witches
[687] NEW: Court of Dragons by Frost Kay (6 tropes, spice Tame)
[688] NEW: Tides and Ruin by Miranda Lyn (5 tropes, spice Medium Spice)
[691] merged -> Gallant
[693] merged -> This Woven Kingdom
[694] NEW: Between Wrath and Mercy by Marcella Swann (9 tropes, spice Tame)
[695] NEW: Daughter of the Moon Goddess by Sue Lynn Tan (5 tropes, spice Tame)
[696] NEW: Chaos and Destiny by Miranda Lyn (3 tropes, spice Medium Spice)
[697] merged -> Mother of Death and Dawn
[698] NEW: Blood and Promise by Miranda Lyn (5 tropes, spice Tame)
[699] NEW: Fate and Flame by Miranda Lyn (9 tropes, spice Medium Spice)
[700] merged -> Origins of an Academy Bully
    403 — cooling off 60s (attempt 1)
    403 — cooling off 120s (attempt 2)
    403 — cooling off 180s (attempt 3)
[701] HTTP 403 (will retry on a later run)
    403 — cooling off 60s (attempt 1)
    403 — cooling off 120s (attempt 2)
    403 — cooling off 180s (attempt 3)
[702] HTTP 403 (will retry on a later run)
    403 — cooling off 60s (attempt 1)
    403 — cooling off 120s (attempt 2)
[703] merged -> The Reckoning
[704] NEW: The Castings Trilogy by Pamela Freeman (1 tropes, spice Tame)
[705] merged -> Pathfinder's Way
[706] merged -> Storm and Fury
[707] NEW: Master of Crows by Grace Draven (5 tropes, spice Tame)
[708] NEW: Phoenix Unbound by Grace Draven (6 tropes, spice Tame)
[709] NEW: The Savage and the Swan by Ella Fields (10 tropes, spice Explicit)
[710] merged -> A Discovery of Witches
[711] NEW: The Awakening by Caroline Peckham & Susanne Valenti (7 tropes, spice Medium Spice)
[712] merged -> Fortuna Sworn
[713] merged -> Curse of the Wolf King
[714] NEW: To Carve a Fae Heart by Tessonja Odette (7 tropes, spice Tame)
[715] merged -> These Violent Delights
    403 — cooling off 60s (attempt 1)
    403 — cooling off 120s (attempt 2)
    403 — cooling off 180s (attempt 3)
[717] HTTP 403 (will retry on a later run)
    403 — cooling off 60s (attempt 1)
    403 — cooling off 120s (attempt 2)
    403 — cooling off 180s (attempt 3)
[718] HTTP 403 (will retry on a later run)
    403 — cooling off 60s (attempt 1)
    403 — cooling off 120s (attempt 2)
[721] merged -> Red, White & Royal Blue
[722] NEW: Kings of Chaos by Eva Ashwood (7 tropes, spice Explicit)
[723] NEW: Fighting Destiny by Amelia Hutchins (8 tropes, spice Explicit)
[724] merged -> Kiss the Fae
[725] NEW: Magic Forged by K.M. Shea (6 tropes, spice Tame)
[726] merged -> Radiance
[727] NEW: The Winter King by C.L. Wilson (7 tropes, spice Medium Spice)
[728] merged -> Magic Unleashed
[729] merged -> Chain of Iron
[730] merged -> Falling Kingdoms
[731] merged -> Cruel Beauty
    403 — cooling off 60s (attempt 1)
    403 — cooling off 120s (attempt 2)
    403 — cooling off 180s (attempt 3)
[733] HTTP 403 (will retry on a later run)
    403 — cooling off 60s (attempt 1)
    403 — cooling off 120s (attempt 2)
    403 — cooling off 180s (attempt 3)
[734] HTTP 403 (will retry on a later run)
    403 — cooling off 60s (attempt 1)
    403 — cooling off 120s (attempt 2)
[736] merged -> The Mists of Avalon
[737] merged -> New Moon
[739] merged -> Breaking Dawn
[741] merged -> The Lost Sisters
[742] merged -> Beach Read
[744] merged -> Chosen Ones
[745] merged -> The Star-Touched Queen
[747] NEW: The Plague Diaries by Ronlyn Domingue (0 tropes, spice No Spice)
[748] merged -> The watchmaker of Filigree Street
    403 — cooling off 60s (attempt 1)
    403 — cooling off 120s (attempt 2)
    403 — cooling off 180s (attempt 3)
[749] HTTP 403 (will retry on a later run)
    403 — cooling off 60s (attempt 1)
    403 — cooling off 120s (attempt 2)
    403 — cooling off 180s (attempt 3)
[750] HTTP 403 (will retry on a later run)
    403 — cooling off 60s (attempt 1)
    403 — cooling off 120s (attempt 2)
[751] merged -> The Wall of Winnipeg and Me
[752] merged -> Beauty and the Beast: Lost in a Book
[753] merged -> After You
[754] NEW: Hold Back The Stars by Katie Khan (5 tropes, spice Tame)
[756] NEW: January by Audrey Carlan (5 tropes, spice Tame)
[758] merged -> Outlander
[759] merged -> The royal we
[760] NEW: The Chronicle of Secret Riven by Ronlyn Domingue (0 tropes, spice No Spice)
[761] NEW: Cure for the Common Breakup by Beth Kendrick (5 tropes, spice Tame)
[762] merged -> Emma
[763] NEW: New Uses for Old Boyfriends by Beth Kendrick (3 tropes, spice Tame)
    403 — cooling off 60s (attempt 1)
    403 — cooling off 120s (attempt 2)
    403 — cooling off 180s (attempt 3)
[765] HTTP 403 (will retry on a later run)
    403 — cooling off 60s (attempt 1)
    403 — cooling off 120s (attempt 2)
    403 — cooling off 180s (attempt 3)
[766] HTTP 403 (will retry on a later run)
    403 — cooling off 60s (attempt 1)
    403 — cooling off 120s (attempt 2)
[767] merged -> Pride and Prejudice
[768] merged -> Can You Keep A Secret?
[771] merged -> Bridget Jones's Diary
[772] merged -> Dark Horse
[773] NEW: The Sundered Stars by Mara Amberly (8 tropes, spice Tame)
[774] NEW: Hunt the Stars by Jessie Mihalik (6 tropes, spice Tame)
    403 — cooling off 60s (attempt 1)
    403 — cooling off 120s (attempt 2)
    403 — cooling off 180s (attempt 3)
[781] HTTP 403 (will retry on a later run)
    403 — cooling off 60s (attempt 1)
    403 — cooling off 120s (attempt 2)
    403 — cooling off 180s (attempt 3)
[782] HTTP 403 (will retry on a later run)
    403 — cooling off 60s (attempt 1)
    403 — cooling off 120s (attempt 2)
[796] NEW: Dragon Cursed by Elise Kova (7 tropes, spice Tame)
    403 — cooling off 60s (attempt 1)
    403 — cooling off 120s (attempt 2)
    403 — cooling off 180s (attempt 3)
[797] HTTP 403 (will retry on a later run)
    403 — cooling off 60s (attempt 1)
    403 — cooling off 120s (attempt 2)
    403 — cooling off 180s (attempt 3)
[798] HTTP 403 (will retry on a later run)
    403 — cooling off 60s (attempt 1)
    403 — cooling off 120s (attempt 2)
[799] NEW: Knight of Lions by Bianca D'Arc (5 tropes, spice Medium Spice)
[800] NEW: A Throne in Bloom by J.K. Ross (10 tropes, spice Medium Spice)
[801] NEW: The Younger Gods by Katie Shepard (8 tropes, spice Tame)
[802] NEW: The Godless War by Abi Welch (7 tropes, spice Medium Spice)
[803] NEW: Order of Royals by Jude Deveraux (7 tropes, spice Tame)
[804] NEW: Crimson Thorne by Marrek Ryder (8 tropes, spice Tame)
[806] NEW: After the Disabled God of War Became My Concubine Vol. 1 by Liu Gou Hua (4 tropes, spice Tame)
[807] NEW: Dark Joy by Christine Feehan (6 tropes, spice Medium Spice)
[808] NEW: The Charmed Library by Jennifer Moorman (5 tropes, spice Tame)
[809] NEW: Jealous Rage by Sav R. Miller (8 tropes, spice Explicit)
[810] NEW: Tidespeaker by Sadie Turner (5 tropes, spice Tame)
[811] NEW: Moonlit Hunger by Nikki Riker (6 tropes, spice Explicit)
[812] merged -> A War of Wyverns
    403 — cooling off 60s (attempt 1)
    403 — cooling off 120s (attempt 2)
    403 — cooling off 180s (attempt 3)
[813] HTTP 403 (will retry on a later run)
    403 — cooling off 60s (attempt 1)
    403 — cooling off 120s (attempt 2)
    403 — cooling off 180s (attempt 3)
[814] HTTP 403 (will retry on a later run)
    403 — cooling off 60s (attempt 1)
    403 — cooling off 120s (attempt 2)
[815] NEW: Cold Stars Midnight Glow by Evie Marceau (7 tropes, spice Medium Spice)
[817] NEW: A Reckless Indulgence by Aveda Vice (7 tropes, spice Explicit)
[818] NEW: Prince of the Frozen Forest by Jaymi Hanako (5 tropes, spice Medium Spice)
[819] NEW: Veins of Power by Becky Jane Fox (7 tropes, spice Tame)
[820] NEW: Cadaver Lab: Grave's Anatomy by Cat Johnson (4 tropes, spice Tame)
[822] NEW: Love, Lies, and Ley Lines by Jeffe Kennedy (8 tropes, spice Tame)
[823] merged -> If All the Stars Go Dark
[824] NEW: A Wild Radiance by Maria Ingrande Mora (7 tropes, spice Tame)
[825] merged -> How to Lose a Goblin in Ten Days: Tales from Hawthorne Cottage
[826] merged -> The Poet Empress
[827] NEW: Claim Me at Nightfall by Shayla Black (5 tropes, spice Medium Spice)
[828] NEW: Joyful Reunion (Novel) Vol. 3 by Fei Tian Ye Xiang (6 tropes, spice Tame)
    403 — cooling off 60s (attempt 1)
    403 — cooling off 120s (attempt 2)
    403 — cooling off 180s (attempt 3)
[829] HTTP 403 (will retry on a later run)
    403 — cooling off 60s (attempt 1)
    403 — cooling off 120s (attempt 2)
    403 — cooling off 180s (attempt 3)
[830] HTTP 403 (will retry on a later run)
    403 — cooling off 60s (attempt 1)
    403 — cooling off 120s (attempt 2)
[831] NEW: Twin Jades of Jiangdong (Novel) Vol. 1 by Fei Tian Ye Xiang (3 tropes, spice Tame)
[832] NEW: When Fate is Cruel: A Short Story Collection by L.J. Andrews (2 tropes, spice Tame)
[834] NEW: Blood Beneath the Snow by Alexandra Kennington (8 tropes, spice Tame)
[836] merged -> Silver Elite
[837] merged -> Daughter of the Drowned Empire
[841] merged -> Psycho Shifters
[842] NEW: Atonement of the Spine Cleaver by F.E. Bryce (6 tropes, spice Tame)
[844] NEW: The Lies of Lena by Kylie Snow (8 tropes, spice Explicit)
    403 — cooling off 60s (attempt 1)
    403 — cooling off 120s (attempt 2)
    403 — cooling off 180s (attempt 3)
[845] HTTP 403 (will retry on a later run)
    403 — cooling off 60s (attempt 1)
[846] merged -> Of Blood and Aether
[847] merged -> Nightshade (Nightshade Series, Book 1)
[849] merged -> Master of Salt & Bones
[850] merged -> The Isle of Sin and Shadows
[851] merged -> A Dowry of Blood
[853] NEW: Darkhouse by Karina Halle (4 tropes, spice Tame)
[854] merged -> Blood Orange
[855] NEW: Black Sunshine by Karina Halle (8 tropes, spice Explicit)
[856] merged -> River of Shadows
[857] merged -> Starling House
[858] NEW: Illusions of Grandeur by Kathryn Ann Kingsley (7 tropes, spice Explicit)
[859] merged -> The Contortionist
    403 — cooling off 60s (attempt 1)
    403 — cooling off 120s (attempt 2)
    403 — cooling off 180s (attempt 3)
[860] HTTP 403 (will retry on a later run)
    403 — cooling off 60s (attempt 1)
    403 — cooling off 120s (attempt 2)
    403 — cooling off 180s (attempt 3)
[861] merged -> Belladonna
[863] merged -> The Hacienda
[864] NEW: Cottonwood by R. Lee Smith (5 tropes, spice Explicit)
[866] merged -> The Ritual
[867] merged -> The Sacrifice
[868] merged -> The Last Hour of Gann
[869] merged -> The Sinner
[870] merged -> Quintessentially Q
[871] merged -> That Sik Luv
[872] NEW: Hawke by Jescie Hall (6 tropes, spice Explicit)
[873] merged -> Sick Fux
[874] NEW: Reap by Tillie Cole (8 tropes, spice Explicit)
    403 — cooling off 60s (attempt 1)
    403 — cooling off 120s (attempt 2)
    403 — cooling off 180s (attempt 3)
[875] HTTP 403 (will retry on a later run)
    403 — cooling off 60s (attempt 1)
    403 — cooling off 120s (attempt 2)
    403 — cooling off 180s (attempt 3)
[876] HTTP 403 (will retry on a later run)
    403 — cooling off 60s (attempt 1)
    403 — cooling off 120s (attempt 2)
[877] merged -> Debt
[878] NEW: Comfort Food by Kitty Thomas (6 tropes, spice Explicit)
[879] merged -> Take Me With You
[880] merged -> Raw
[881] merged -> God of Malice
[882] merged -> Losers: Part I
[883] merged -> The Dare
[884] merged -> God of Fury
[886] merged -> Her Soul for Revenge
[887] merged -> Soul of a Witch
[888] merged -> Butcher & Blackbird
[889] merged -> Den of Vipers
[890] NEW: Quid Pro Quo by Nenia Campbell (5 tropes, spice Tame)
    403 — cooling off 60s (attempt 1)
    403 — cooling off 120s (attempt 2)
    403 — cooling off 180s (attempt 3)
[891] HTTP 403 (will retry on a later run)
    403 — cooling off 60s (attempt 1)
    403 — cooling off 120s (attempt 2)
    403 — cooling off 180s (attempt 3)
[892] HTTP 403 (will retry on a later run)
    403 — cooling off 60s (attempt 1)
    403 — cooling off 120s (attempt 2)
[893] merged -> Still Beating
[894] merged -> A Soul to Keep
[895] merged -> A Soul to Touch
[896] NEW: Deceived by the Gargoyles by Lillian Lark (7 tropes, spice Explicit)
[897] merged -> A Soul to Heal
[898] merged -> Entranced by the Basilisks
[899] merged -> Stalked by the Kraken
[900] merged -> Muscles & Monsters
[901] merged -> Tentacles & Triathlons
[903] merged -> Morning Glory Milking Farm
[904] NEW: The Gargoyle's Captive by Katee Robert (7 tropes, spice Explicit)
[905] merged -> The Kraken's Sacrifice
[906] merged -> Sweet Berries
    403 — cooling off 60s (attempt 1)
    403 — cooling off 120s (attempt 2)
    403 — cooling off 180s (attempt 3)
[907] HTTP 403 (will retry on a later run)
    403 — cooling off 60s (attempt 1)
    403 — cooling off 120s (attempt 2)
    403 — cooling off 180s (attempt 3)
[908] HTTP 403 (will retry on a later run)
    403 — cooling off 60s (attempt 1)
    403 — cooling off 120s (attempt 2)
[909] NEW: The Company of Fiends by Kathryn Moon (7 tropes, spice Explicit)
[910] NEW: King of Flesh and Bone by Liv Zander (6 tropes, spice Explicit)
[911] merged -> Shadows So Cruel
[912] NEW: Born to be Broken by Addison Cain (9 tropes, spice Explicit)
[913] merged -> Born to be Bound
[914] NEW: Stolen by Addison Cain (6 tropes, spice Explicit)
[915] NEW: Queen of Rot and Pain by Liv Zander (8 tropes, spice Explicit)
[916] NEW: Crave to Conquer by Zoey Ellis (7 tropes, spice Explicit)
[918] NEW: Reign to Ruin by Zoey Ellis (8 tropes, spice Explicit)
[919] NEW: Own to Obey by Zoey Ellis (5 tropes, spice Explicit)
[920] merged -> The Dark One
[921] merged -> Their Vicious Darling
[922] merged -> Electric Idol
    403 — cooling off 60s (attempt 1)
    403 — cooling off 120s (attempt 2)
    403 — cooling off 180s (attempt 3)
[923] HTTP 403 (will retry on a later run)
    403 — cooling off 60s (attempt 1)
    403 — cooling off 120s (attempt 2)
    403 — cooling off 180s (attempt 3)
[924] HTTP 403 (will retry on a later run)
    403 — cooling off 60s (attempt 1)
    403 — cooling off 120s (attempt 2)
[925] merged -> Pucking Around
[926] merged -> Learn My Lesson
[927] merged -> Anarchy
[928] merged -> Heartless Heathens
[929] NEW: 7th Circle by Tate James (7 tropes, spice Medium Spice)
[930] NEW: Club 22 by Tate James (8 tropes, spice Explicit)
[931] NEW: Knot Her by Sierra Blue (6 tropes, spice Explicit)
[932] NEW: Pack Darling by Lola Rock (8 tropes, spice Explicit)
[934] NEW: Baby & The Late Night Howlers by Kathryn Moon (10 tropes, spice Explicit)
[935] merged -> Hate
[936] merged -> Broken Bonds
[937] merged -> Caged Wolf
    403 — cooling off 60s (attempt 1)
    403 — cooling off 120s (attempt 2)
    403 — cooling off 180s (attempt 3)
[939] HTTP 403 (will retry on a later run)
    403 — cooling off 60s (attempt 1)
    403 — cooling off 120s (attempt 2)
    403 — cooling off 180s (attempt 3)
[940] HTTP 403 (will retry on a later run)
    403 — cooling off 60s (attempt 1)
    403 — cooling off 120s (attempt 2)
[941] NEW: The Magic of Discovery by Britt Andrews (6 tropes, spice Explicit)
[942] NEW: Psycho Academy by Jasmine Mas (11 tropes, spice Explicit)
[943] NEW: Psycho Devils by Jasmine Mas (8 tropes, spice Explicit)
[944] merged -> Psycho Beasts
[945] NEW: Age of the Andinna by Kristen Banet (6 tropes, spice Medium Spice)
[946] NEW: A Life of Shadows by Kristen Banet (5 tropes, spice Tame)
[947] merged -> Four Psychos
[948] NEW: Gypsy Rising by Kristy Cunning (8 tropes, spice Explicit)
[949] merged -> Ruthless King
[950] NEW: Savage Prince by Alison Aimes (6 tropes, spice Explicit)
[951] NEW: Open Ice Hit by E.M. Lindsey & Marina Vivancos (5 tropes, spice Explicit)
[952] merged -> Slow Heat
[953] NEW: Gilded Mess by Colette Rhodes (6 tropes, spice Tame)
[954] NEW: Stolen by the Wolves by Lyx Robinson (7 tropes, spice Medium Spice)
    403 — cooling off 60s (attempt 1)
    403 — cooling off 120s (attempt 2)
    403 — cooling off 180s (attempt 3)
[955] HTTP 403 (will retry on a later run)
    403 — cooling off 60s (attempt 1)
    403 — cooling off 120s (attempt 2)
    403 — cooling off 180s (attempt 3)
[956] HTTP 403 (will retry on a later run)
    403 — cooling off 60s (attempt 1)
    403 — cooling off 120s (attempt 2)
[957] merged -> Luxuria
[958] merged -> Ensnared
[961] NEW: Infatuated With Her by Nephie B. (1 tropes, spice No Spice)
[962] merged -> Bound
[963] NEW: The Midwife and the Orc by Finley Fenn (7 tropes, spice Explicit)
[967] NEW: The Governess and the Orc by Finley Fenn (7 tropes, spice Explicit)
[968] NEW: The Duchess and the Orc by Finley Fenn (8 tropes, spice Explicit)
[970] NEW: The Beauty and the Orc by Finley Fenn (8 tropes, spice Explicit)
    403 — cooling off 60s (attempt 1)
    403 — cooling off 120s (attempt 2)
    403 — cooling off 180s (attempt 3)
[971] HTTP 403 (will retry on a later run)
    403 — cooling off 60s (attempt 1)
    403 — cooling off 120s (attempt 2)
    403 — cooling off 180s (attempt 3)
[972] HTTP 403 (will retry on a later run)
    403 — cooling off 60s (attempt 1)
    403 — cooling off 120s (attempt 2)
[973] merged -> The Predator
[974] NEW: Sweet Temptation by Cora Reilly (8 tropes, spice Explicit)
[975] NEW: Vicious Princess by Karolina Wilde (4 tropes, spice Explicit)
[976] merged -> Leather & Lark
[977] NEW: Haunted by Sarah Brianne (5 tropes, spice Explicit)
[978] merged -> King
[980] NEW: Tyrant by T.M. Frazier (6 tropes, spice Explicit)
[981] NEW: Lawless by T.M. Frazier (7 tropes, spice Explicit)
[982] merged -> Wild Sign
[983] NEW: Heart of Obsidian by Nalini Singh (10 tropes, spice Explicit)
[984] merged -> Shield of winter
[985] merged -> Alpha Night
[986] merged -> Shards of Hope
    403 — cooling off 60s (attempt 1)
    403 — cooling off 120s (attempt 2)
    403 — cooling off 180s (attempt 3)
[987] HTTP 403 (will retry on a later run)
    403 — cooling off 60s (attempt 1)
    403 — cooling off 120s (attempt 2)
    403 — cooling off 180s (attempt 3)
[988] HTTP 403 (will retry on a later run)
    403 — cooling off 60s (attempt 1)
    403 — cooling off 120s (attempt 2)
[989] NEW: Silver Silence by Nalini Singh (6 tropes, spice Medium Spice)
[990] merged -> Wolf Rain
[991] NEW: Alpha Rising by Rebecca Royce (6 tropes, spice Explicit)
[992] NEW: The Necromancer's Light by Tavia Lark (4 tropes, spice Tame)
[994] NEW: The Firebird's Tale by Anya Ow (6 tropes, spice Tame)
[996] merged -> Feral Sins
[999] merged -> Wicked Cravings
    403 — cooling off 60s (attempt 1)
    403 — cooling off 120s (attempt 2)
    403 — cooling off 180s (attempt 3)
[1003] HTTP 403 (will retry on a later run)
    403 — cooling off 60s (attempt 1)
    403 — cooling off 120s (attempt 2)
    403 — cooling off 180s (attempt 3)
[1004] HTTP 403 (will retry on a later run)
    403 — cooling off 60s (attempt 1)
    403 — cooling off 120s (attempt 2)
[1014] NEW: The Prize by Tana Stone (9 tropes, spice Explicit)
[1015] NEW: Enthralled by Giana Darling (9 tropes, spice Explicit)
[1017] NEW: Chosen by the Fae by Amelia Shaw (5 tropes, spice Explicit)
[1018] NEW: Ravaged by Brenda K. Davies (3 tropes, spice Medium Spice)
    403 — cooling off 60s (attempt 1)
    403 — cooling off 120s (attempt 2)
    403 — cooling off 180s (attempt 3)
[1019] HTTP 403 (will retry on a later run)
    403 — cooling off 60s (attempt 1)
    403 — cooling off 120s (attempt 2)
    403 — cooling off 180s (attempt 3)
[1020] HTTP 403 (will retry on a later run)
    403 — cooling off 60s (attempt 1)
    403 — cooling off 120s (attempt 2)
[1021] NEW: Stolen by the Shadow King by Alisha Klapheke (4 tropes, spice Tame)
[1022] merged -> Wolfsbane (Nightshade Series, Book 2)
[1024] NEW: The Dragon's Warrior by Shiloh Walker (6 tropes, spice Explicit)
[1026] merged -> Barbarian Mine
[1027] merged -> Bound to the Battle God
[1029] NEW: Primal Obsession by Susan Vaughan (6 tropes, spice Tame)
[1031] NEW: Ruthlessly His by Zoe Blake, Blake Hensley, Alta Hensley (8 tropes, spice Explicit)
[1033] NEW: Claimed as Revenge by Piper Stone (7 tropes, spice Explicit)
[1034] NEW: Her Alien Warrior by Sky Robert (5 tropes, spice Explicit)
    403 — cooling off 60s (attempt 1)
    403 — cooling off 120s (attempt 2)
    403 — cooling off 180s (attempt 3)
[1035] HTTP 403 (will retry on a later run)
    403 — cooling off 60s (attempt 1)
    403 — cooling off 120s (attempt 2)
    403 — cooling off 180s (attempt 3)
[1036] HTTP 403 (will retry on a later run)
    403 — cooling off 60s (attempt 1)
    403 — cooling off 120s (attempt 2)
[1037] NEW: Claimed By The Dragons by Lilly Wilder (7 tropes, spice Explicit)
[1038] NEW: Bound by the Vampire by Joey W. Hill (6 tropes, spice Explicit)
[1041] merged -> The Remaking of Corbin Wale
[1043] merged -> Dark Skies
[1044] merged -> Dark Shores
[1045] NEW: Visions of Heat by Nalini Singh (7 tropes, spice Explicit)
[1046] merged -> Mine to Possess (Psy-Changelings, Book 4)
[1047] merged -> Branded by Fire
[1048] merged -> Blaze of Memory
[1049] merged -> Hostage to Pleasure
[1050] merged -> Bonds of Justice
    403 — cooling off 60s (attempt 1)
    403 — cooling off 120s (attempt 2)
    403 — cooling off 180s (attempt 3)
[1051] HTTP 403 (will retry on a later run)
    403 — cooling off 60s (attempt 1)
    403 — cooling off 120s (attempt 2)
    403 — cooling off 180s (attempt 3)
[1052] HTTP 403 (will retry on a later run)
    403 — cooling off 60s (attempt 1)
    403 — cooling off 120s (attempt 2)
[1053] merged -> Kiss of snow
[1054] merged -> Tangle of Need
[1055] NEW: Heart of Black Ice by Terry Goodkind (0 tropes, spice No Spice)
[1057] NEW: Immortal Reign by Morgan Rhodes (4 tropes, spice Tame)
[1058] NEW: Crystal Storm by Morgan Rhodes (6 tropes, spice Tame)
[1059] merged -> Gathering Darkness
[1060] merged -> Rebel Spring
[1061] NEW: Frozen Tides by Morgan Rhodes (6 tropes, spice Tame)
[1062] merged -> Secrets and Masks
[1063] NEW: Breath Mints / Battle Scars by Onyx_and_Elm (6 tropes, spice Explicit)
[1064] NEW: The Auction by LovesBitca8 (7 tropes, spice Explicit)
[1065] NEW: Remain Nameless by HeyJude19 (8 tropes, spice Explicit)
[1066] NEW: The Fallout by Everythursday (1 tropes, spice Explicit)
    403 — cooling off 60s (attempt 1)
    403 — cooling off 120s (attempt 2)
    403 — cooling off 180s (attempt 3)
[1067] HTTP 403 (will retry on a later run)
    403 — cooling off 60s (attempt 1)
    403 — cooling off 120s (attempt 2)
    403 — cooling off 180s (attempt 3)
[1068] HTTP 403 (will retry on a later run)
    403 — cooling off 60s (attempt 1)
    403 — cooling off 120s (attempt 2)
[1069] NEW: Isolation by Bex-chan (5 tropes, spice Explicit)
[1072] NEW: Wait and Hope by mightbewriting (5 tropes, spice Tame)
[1073] NEW: Love and Other Historical Accidents by PacificRimbaud (5 tropes, spice Medium Spice)
[1074] NEW: Bloody Slutty and Pathetic by WhatMurdah (8 tropes, spice Medium Spice)
[1075] merged -> Timeless (Timeless #1)
[1077] NEW: Meet Your Match by morriganmercy (3 tropes, spice Explicit)
[1078] NEW: Measure of a Man by Ina_Little_Bit (8 tropes, spice Explicit)
[1079] NEW: Apple Pies and Other Amends by ToEatAPeach (3 tropes, spice Tame)
[1080] NEW: All You Want by SenLinYu (7 tropes, spice Explicit)
[1081] NEW: The Right Thing to Do by LovesBitca8 (9 tropes, spice Medium Spice)
[1082] NEW: All the Wrong Things by LovesBitca8 (5 tropes, spice Explicit)
    403 — cooling off 60s (attempt 1)
    403 — cooling off 120s (attempt 2)
    403 — cooling off 180s (attempt 3)
[1083] HTTP 403 (will retry on a later run)
    403 — cooling off 60s (attempt 1)
    403 — cooling off 120s (attempt 2)
    403 — cooling off 180s (attempt 3)
[1084] HTTP 403 (will retry on a later run)
    403 — cooling off 60s (attempt 1)
    403 — cooling off 120s (attempt 2)
[1085] NEW: From Wiltshire With Love by Mistresslynn (7 tropes, spice Tame)
[1086] NEW: Animal Instincts by Gnrkrystle (5 tropes, spice Medium Spice)
[1087] NEW: Ninety-Five Percent by HufflepuffMommy (7 tropes, spice Explicit)
[1088] NEW: Aurelian by BittyBlueEyes (6 tropes, spice Tame)
[1090] NEW: Various storms and saints by viridianatnight (7 tropes, spice Explicit)
[1091] NEW: Dancing with Draco by Diamonddaydream (5 tropes, spice Tame)
[1092] NEW: Hot for Teacher by MotherofBulls (7 tropes, spice Tame)
[1093] NEW: EXIT by TheDae (8 tropes, spice Tame)
[1095] NEW: Perfectly In Pieces by CDLynn (5 tropes, spice Tame)
[1096] NEW: Things We're All Too Young to Know by Eevans (7 tropes, spice Tame)
[1097] NEW: Don't Look Back by Onyx_and_Elm (5 tropes, spice Explicit)
[1098] NEW: Lumos & Lattes by magicalmolly (3 tropes, spice Explicit)
    403 — cooling off 60s (attempt 1)
    403 — cooling off 120s (attempt 2)
    403 — cooling off 180s (attempt 3)
[1099] HTTP 403 (will retry on a later run)
    403 — cooling off 60s (attempt 1)
    403 — cooling off 120s (attempt 2)
    403 — cooling off 180s (attempt 3)
[1100] HTTP 403 (will retry on a later run)
    403 — cooling off 60s (attempt 1)
    403 — cooling off 120s (attempt 2)
[1102] NEW: The Gloriana Set by ThebeMoon (4 tropes, spice Tame)
[1103] NEW: The Eagle's Nest by HeartOfAspen (4 tropes, spice Tame)
[1104] NEW: The Watergaw by smokybaltic (4 tropes, spice Explicit)
[1105] NEW: Clean by olivieblake (6 tropes, spice Tame)
[1108] NEW: In These Silent Days by HeyJude19 (5 tropes, spice Explicit)
[1109] NEW: Parade of the Sun by Everythursday (8 tropes, spice Explicit)
[1111] merged -> The Foxhole Court
[1112] merged -> Aristotle and Dante discover the secrets of the universe
[1113] merged -> Winter's Orbit
[1114] merged -> The Lightning-Struck Heart
    403 — cooling off 60s (attempt 1)
    403 — cooling off 120s (attempt 2)
    403 — cooling off 180s (attempt 3)
[1115] HTTP 403 (will retry on a later run)
    403 — cooling off 60s (attempt 1)
    403 — cooling off 120s (attempt 2)
    403 — cooling off 180s (attempt 3)
[1116] HTTP 403 (will retry on a later run)
    403 — cooling off 60s (attempt 1)
    403 — cooling off 120s (attempt 2)
[1117] merged -> The Magpie Lord
[1118] merged -> Carry on
[1119] NEW: Witchmark by C.L. Polk (5 tropes, spice Tame)
[1120] merged -> Silver in the Wood
[1121] merged -> The Last Sun
[1122] merged -> A Taste of Gold and Iron
[1123] NEW: The Scottish Boy by Alex de Campi (4 tropes, spice Explicit)
[1125] merged -> The Spear Cuts Through Water
[1126] merged -> Reforged
[1127] merged -> Prince of the Sorrows
[1128] merged -> The High King's Golden Tongue
[1129] NEW: Mortal Skin by Lily Mayne (7 tropes, spice Explicit)
[1130] NEW: Lord of the White Hell by Ginn Hale (7 tropes, spice Tame)
    403 — cooling off 60s (attempt 1)
    403 — cooling off 120s (attempt 2)
    403 — cooling off 180s (attempt 3)
[1131] HTTP 403 (will retry on a later run)
    403 — cooling off 60s (attempt 1)
    403 — cooling off 120s (attempt 2)
    403 — cooling off 180s (attempt 3)
[1132] HTTP 403 (will retry on a later run)
    403 — cooling off 60s (attempt 1)
    403 — cooling off 120s (attempt 2)
[1133] NEW: Oleander by Scarlet Drake (6 tropes, spice Explicit)
[1134] merged -> Double-Edged
[1135] merged -> Cemetery Boys
[1136] NEW: Ocean's Echo by Everina Maxwell (7 tropes, spice Tame)
[1139] merged -> She Who Became the Sun
[1140] merged -> Malice
[1141] merged -> A Memory Called Empire
[1142] merged -> Gideon the Ninth
[1143] merged -> The Ruthless Lady's Guide to Wizardry
[1144] merged -> Legends & Lattes
[1145] merged -> The Space Between Worlds
[1146] merged -> House of Hunger
    403 — cooling off 60s (attempt 1)
    403 — cooling off 120s (attempt 2)
    403 — cooling off 180s (attempt 3)
[1147] HTTP 403 (will retry on a later run)
    403 — cooling off 60s (attempt 1)
    403 — cooling off 120s (attempt 2)
    403 — cooling off 180s (attempt 3)
[1148] HTTP 403 (will retry on a later run)
    403 — cooling off 60s (attempt 1)
    403 — cooling off 120s (attempt 2)
[1149] merged -> Crier's War
[1150] merged -> The Unbroken
[1151] NEW: Sweet & Bitter Magic by Adrienne Tooley (4 tropes, spice Tame)
[1152] merged -> The Bone Spindle
[1153] merged -> Girls of Paper and Fire
[1154] merged -> Fireheart Tiger
[1155] merged -> Final Strife
[1156] merged -> The Daughters of Izdihar
[1157] merged -> Bitterthorn
[1158] NEW: The Dark Tide by Alicia Jasinska (4 tropes, spice Tame)
[1159] merged -> The Phoenix Keeper
[1161] NEW: Beyond the Black Door by A.M. Strickland (4 tropes, spice No Spice)
    403 — cooling off 60s (attempt 1)
    403 — cooling off 120s (attempt 2)
    403 — cooling off 180s (attempt 3)
[1163] HTTP 403 (will retry on a later run)
    403 — cooling off 60s (attempt 1)
    403 — cooling off 120s (attempt 2)
    403 — cooling off 180s (attempt 3)
[1164] HTTP 403 (will retry on a later run)
    403 — cooling off 60s (attempt 1)
    403 — cooling off 120s (attempt 2)
[1168] merged -> Can't Spell Treason Without Tea
[1169] merged -> The Enchanted Greenhouse
[1170] NEW: Princess of Blood by Sarah Hawley (5 tropes, spice Medium Spice)
[1171] NEW: The Undercutting of Rosie and Adam by Megan Bannen (4 tropes, spice Tame)
[1173] merged -> A Language of Dragons
[1175] merged -> The Starlight Heir
[1176] NEW: The Midnight Carousel by Fiza Saeed McLynn (6 tropes, spice Tame)
[1178] merged -> Nine Goblins
    403 — cooling off 60s (attempt 1)
    403 — cooling off 120s (attempt 2)
    403 — cooling off 180s (attempt 3)
[1179] HTTP 403 (will retry on a later run)
    403 — cooling off 60s (attempt 1)
    403 — cooling off 120s (attempt 2)
    403 — cooling off 180s (attempt 3)
[1180] HTTP 403 (will retry on a later run)
    403 — cooling off 60s (attempt 1)
    403 — cooling off 120s (attempt 2)
[1182] merged -> Thornhedge
[1183] merged -> Sorcery of Thorns
[1184] merged -> The Invisible Life of Addie LaRue
[1185] merged -> The Midnight Bargain
[1187] NEW: Sorcerer to the Crown by Zen Cho (4 tropes, spice Tame)
[1188] merged -> Shades of Milk and Honey
[1191] merged -> Longshadow
[1192] merged -> The Lord of Stariel
[1193] merged -> The Beautiful Ones
[1194] merged -> The Wisteria Society of Lady Scoundrels
    403 — cooling off 60s (attempt 1)
    403 — cooling off 120s (attempt 2)
    403 — cooling off 180s (attempt 3)
[1195] HTTP 403 (will retry on a later run)
    403 — cooling off 60s (attempt 1)
    403 — cooling off 120s (attempt 2)
    403 — cooling off 180s (attempt 3)
[1196] HTTP 403 (will retry on a later run)
    403 — cooling off 60s (attempt 1)
    403 — cooling off 120s (attempt 2)
[1197] NEW: The Secret Service of Tea and Treason by India Holton (5 tropes, spice Tame)
[1198] merged -> The Familiar
[1199] merged -> The Cheat Sheet
[1200] merged -> A Fragile Enchantment
[1202] merged -> Kulti
[1203] merged -> From Lukov with Love
[1204] merged -> Heated Rivalry
[1205] merged -> Long Shot
[1206] merged -> Mile High
[1207] merged -> Blind Side
[1208] merged -> Caught Up
[1209] merged -> The Right Move
[1210] NEW: Champagne Problems by Demitri Lathan (3 tropes, spice No Spice)
    403 — cooling off 60s (attempt 1)
    403 — cooling off 120s (attempt 2)
    403 — cooling off 180s (attempt 3)
[1211] HTTP 403 (will retry on a later run)
    403 — cooling off 60s (attempt 1)
    403 — cooling off 120s (attempt 2)
    403 — cooling off 180s (attempt 3)
[1212] HTTP 403 (will retry on a later run)
    403 — cooling off 60s (attempt 1)
    403 — cooling off 120s (attempt 2)
[1213] NEW: Catch Her If You Can by Tessa Bailey (7 tropes, spice Explicit)
[1214] merged -> In Her Own League
[1215] NEW: First to Finish by Rebecca J. Caffrey (8 tropes, spice Explicit)
[1216] NEW: And the Crowd Went Wild by Susan Elizabeth Phillips (5 tropes, spice Medium Spice)
[1217] NEW: Consider Yourself Kissed by Jessica Stanley (3 tropes, spice Medium Spice)
[1219] NEW: Just Breaking The Rules by Lauren Blakely (6 tropes, spice Tame)
[1220] NEW: We Met Like This by Kasie West (4 tropes, spice Explicit)
[1221] merged -> The Graham Effect
[1222] merged -> The Dixon Rule
[1223] merged -> The Jock
[1224] merged -> Freeing Luka
[1225] merged -> Choosing Theo
    403 — cooling off 60s (attempt 1)
    403 — cooling off 120s (attempt 2)
    403 — cooling off 180s (attempt 3)
[1227] HTTP 403 (will retry on a later run)
    403 — cooling off 60s (attempt 1)
    403 — cooling off 120s (attempt 2)
    403 — cooling off 180s (attempt 3)
[1228] HTTP 403 (will retry on a later run)
    403 — cooling off 60s (attempt 1)
    403 — cooling off 120s (attempt 2)
[1229] NEW: Entwined by Tiffany Roberts (5 tropes, spice Explicit)
[1230] merged -> Captive of the Horde King
[1231] NEW: Enraptured by Shoshanna Evers (3 tropes, spice Explicit)
[1232] NEW: Strange Love by Ann Aguirre (5 tropes, spice Medium Spice)
[1233] NEW: Homebound by Lydia Hope (6 tropes, spice Medium Spice)
[1234] merged -> Bad Guy
[1235] merged -> Calm
[1236] merged -> Space Vampire
[1237] NEW: A Klaus Encounter by Honey Phillips (10 tropes, spice Explicit)
[1238] NEW: Phoenix's Fire by A.H. Hadley (6 tropes, spice Tame)
[1239] NEW: Titanoboa by Naomi Lucas (6 tropes, spice Explicit)
[1240] NEW: Baby for the Alien Warrior by Honey Phillips (4 tropes, spice Explicit)
[1241] NEW: Broken Obsession by Chani Lynn Feener (6 tropes, spice Tame)
[1242] NEW: Sinner by Chani Lynn Feener (8 tropes, spice Explicit)
    403 — cooling off 60s (attempt 1)
    403 — cooling off 120s (attempt 2)
    403 — cooling off 180s (attempt 3)
[1243] HTTP 403 (will retry on a later run)
    403 — cooling off 60s (attempt 1)
    403 — cooling off 120s (attempt 2)
    403 — cooling off 180s (attempt 3)
[1244] HTTP 403 (will retry on a later run)
    403 — cooling off 60s (attempt 1)
    403 — cooling off 120s (attempt 2)
[1245] NEW: Alien Scars by Ursa Dax (3 tropes, spice Explicit)
[1246] NEW: Elanie & the Empath by Jess K. Hardy (5 tropes, spice Explicit)
[1247] NEW: Seven Oars by Lydia Hope (7 tropes, spice Explicit)
[1248] merged -> The Tyrant Alpha's Rejected Mate
[1249] merged -> The Heir Apparent's Rejected Mate
[1250] merged -> Pack Challenge
[1251] merged -> Wicked Deeds on a Winter's Night
[1252] merged -> Cold Hearted
[1253] NEW: Once Bitten by Heather Guerre (6 tropes, spice Explicit)
[1254] NEW: Mated to the Alpha and His Beta by Anne Marquis (8 tropes, spice Explicit)
[1255] NEW: Moon Touched by Scarlett Hart (8 tropes, spice Tame)
[1256] NEW: The Last Wolf by Maria Vale (6 tropes, spice Tame)
[1257] merged -> Bitten
[1258] merged -> Shiver
    403 — cooling off 60s (attempt 1)
    403 — cooling off 120s (attempt 2)
    403 — cooling off 180s (attempt 3)
[1259] HTTP 403 (will retry on a later run)
    403 — cooling off 60s (attempt 1)
    403 — cooling off 120s (attempt 2)
    403 — cooling off 180s (attempt 3)
[1260] HTTP 403 (will retry on a later run)
    403 — cooling off 60s (attempt 1)
    403 — cooling off 120s (attempt 2)
[1261] NEW: Wild Rain by Christine Feehan (8 tropes, spice Explicit)
[1262] NEW: Alpha & Omega by Patricia Briggs (8 tropes, spice Tame)
[1263] merged -> Ruthless Fae
[1264] merged -> Deviant King
[1265] merged -> Vicious
[1267] merged -> Spellcaster
[1269] merged -> Never Keep
[1270] NEW: Night Witch by Jaymin Eve (7 tropes, spice Explicit)
[1271] merged -> Daughter of the Pirate King
[1272] merged -> Arcana Academy
[1273] merged -> Sea of Ruin
[1274] NEW: Captive of the Pirate King by Rebecca F. Kenney (6 tropes, spice Explicit)
    403 — cooling off 60s (attempt 1)
    403 — cooling off 120s (attempt 2)
    403 — cooling off 180s (attempt 3)
[1275] HTTP 403 (will retry on a later run)
    403 — cooling off 60s (attempt 1)
    403 — cooling off 120s (attempt 2)
    403 — cooling off 180s (attempt 3)
[1276] HTTP 403 (will retry on a later run)
    403 — cooling off 60s (attempt 1)
    403 — cooling off 120s (attempt 2)
[1278] NEW: Sea Of Roses by Opal Reyne (4 tropes, spice Explicit)
[1281] merged -> Fable
[1283] NEW: Parallel by Lauren Miller (3 tropes, spice Tame)
[1284] merged -> The Ministry of Time
[1285] merged -> The Austen Affair
[1286] NEW: Spy You Next Year: A Sci-Fi Holiday Tale by Robin O'Connor (6 tropes, spice Tame)
[1287] NEW: Yesterday Is History by Kosoko Jackson (3 tropes, spice Tame)
    403 — cooling off 60s (attempt 1)
    403 — cooling off 120s (attempt 2)
    403 — cooling off 180s (attempt 3)
[1291] HTTP 403 (will retry on a later run)
    403 — cooling off 60s (attempt 1)
    403 — cooling off 120s (attempt 2)
    403 — cooling off 180s (attempt 3)
[1292] HTTP 403 (will retry on a later run)
    403 — cooling off 60s (attempt 1)
    403 — cooling off 120s (attempt 2)
[1293] NEW: A Touch of Fate by Cora Reilly (7 tropes, spice Explicit)
[1295] NEW: Sparrow by L.J. Shen (6 tropes, spice Explicit)
[1296] NEW: Monster in His Eyes by J.M. Darhower (7 tropes, spice Explicit)
[1298] NEW: Brutal Legacy by Mila Kane (11 tropes, spice Explicit)

Done. Added 222, updated 252, already-complete 7, missing/empty ids 136. Processed this run: 617.
Now run: python sync_db.py --refresh
