resuming: 1,134 ids already processed
    403 — cooling off 60s (attempt 1)
    403 — cooling off 120s (attempt 2)
    403 — cooling off 180s (attempt 3)
[1315] HTTP 403 (will retry on a later run)
    403 — cooling off 60s (attempt 1)
    403 — cooling off 120s (attempt 2)
    403 — cooling off 180s (attempt 3)
[1316] HTTP 403 (will retry on a later run)
    403 — cooling off 60s (attempt 1)
    403 — cooling off 120s (attempt 2)
    403 — cooling off 60s (attempt 1)
    403 — cooling off 120s (attempt 2)
    403 — cooling off 180s (attempt 3)
[1331] HTTP 403 (will retry on a later run)
    403 — cooling off 60s (attempt 1)
    403 — cooling off 120s (attempt 2)
    403 — cooling off 180s (attempt 3)
[1332] HTTP 403 (will retry on a later run)
    403 — cooling off 60s (attempt 1)
    403 — cooling off 120s (attempt 2)
    403 — cooling off 60s (attempt 1)
    403 — cooling off 120s (attempt 2)
    403 — cooling off 180s (attempt 3)
[1347] HTTP 403 (will retry on a later run)
    403 — cooling off 60s (attempt 1)
    403 — cooling off 120s (attempt 2)
    403 — cooling off 180s (attempt 3)
[1348] HTTP 403 (will retry on a later run)
    403 — cooling off 60s (attempt 1)
    403 — cooling off 120s (attempt 2)
    403 — cooling off 60s (attempt 1)
    403 — cooling off 120s (attempt 2)
    403 — cooling off 180s (attempt 3)
[1363] HTTP 403 (will retry on a later run)
    403 — cooling off 60s (attempt 1)
    403 — cooling off 120s (attempt 2)
    403 — cooling off 180s (attempt 3)
[1364] HTTP 403 (will retry on a later run)
    403 — cooling off 60s (attempt 1)
    403 — cooling off 120s (attempt 2)
[1375] merged -> Polaris Rising
[1377] merged -> Born in Fire
    403 — cooling off 60s (attempt 1)
    403 — cooling off 120s (attempt 2)
    403 — cooling off 180s (attempt 3)
[1379] HTTP 403 (will retry on a later run)
    403 — cooling off 60s (attempt 1)
    403 — cooling off 120s (attempt 2)
    403 — cooling off 180s (attempt 3)
[1380] HTTP 403 (will retry on a later run)
    403 — cooling off 60s (attempt 1)
    403 — cooling off 120s (attempt 2)
    403 — cooling off 60s (attempt 1)
    403 — cooling off 120s (attempt 2)
    403 — cooling off 180s (attempt 3)
[1395] HTTP 403 (will retry on a later run)
    403 — cooling off 60s (attempt 1)
    403 — cooling off 120s (attempt 2)
    403 — cooling off 180s (attempt 3)
[1396] HTTP 403 (will retry on a later run)
    403 — cooling off 60s (attempt 1)
    403 — cooling off 120s (attempt 2)
[1406] merged -> Powerless
[1407] merged -> The Silversmith
[1409] NEW: A Heart So Green by Lyra Selene (6 tropes, spice Medium Spice)
[1410] merged -> Gothikana
[1411] NEW: Savage Oath by Ivy Davis (9 tropes, spice Explicit)
[1412] NEW: Power And The Sacred Blood: Book One by Tory Forest (4 tropes, spice Tame)
[1415] merged -> Eclipse
    403 — cooling off 60s (attempt 1)
    403 — cooling off 120s (attempt 2)
    403 — cooling off 180s (attempt 3)
[1416] HTTP 403 (will retry on a later run)
    403 — cooling off 60s (attempt 1)
    403 — cooling off 120s (attempt 2)
    403 — cooling off 180s (attempt 3)
[1417] HTTP 403 (will retry on a later run)
    403 — cooling off 60s (attempt 1)
    403 — cooling off 120s (attempt 2)
[1426] merged -> Lord of Shadows
[1427] merged -> Queen of Air and Darkness
[1428] merged -> Chain of Gold
[1429] NEW: Chain of Thorns by Cassandra Clare (8 tropes, spice Tame)
[1430] merged -> Scarred
[1431] merged -> Wretched
    403 — cooling off 60s (attempt 1)
    403 — cooling off 120s (attempt 2)
    403 — cooling off 180s (attempt 3)
[1432] HTTP 403 (will retry on a later run)
    403 — cooling off 60s (attempt 1)
    403 — cooling off 120s (attempt 2)
    403 — cooling off 180s (attempt 3)
[1433] HTTP 403 (will retry on a later run)
    403 — cooling off 60s (attempt 1)
    403 — cooling off 120s (attempt 2)
[1434] merged -> Forged by Malice
[1436] merged -> Glass Sword
[1437] merged -> King's Cage
[1438] merged -> War Storm
[1439] merged -> Fire
[1440] merged -> Bitterblue
[1441] merged -> The Mistake
[1442] merged -> The Goal
[1443] NEW: Eidolon by Grace Draven (7 tropes, spice Explicit)
[1444] merged -> Barbarian's Mate
[1445] NEW: Barbarian's Touch by Ruby Dixon (7 tropes, spice Explicit)
[1446] merged -> Barbarian's Taming
    403 — cooling off 60s (attempt 1)
    403 — cooling off 120s (attempt 2)
    403 — cooling off 180s (attempt 3)
[1448] HTTP 403 (will retry on a later run)
    403 — cooling off 60s (attempt 1)
    403 — cooling off 120s (attempt 2)
    403 — cooling off 180s (attempt 3)
[1449] HTTP 403 (will retry on a later run)
    403 — cooling off 60s (attempt 1)
    403 — cooling off 120s (attempt 2)
[1450] merged -> The Serpent and the Wings of Night
[1451] merged -> Daughter of No Worlds
[1452] merged -> Children of Fallen Gods
[1454] merged -> Rhapsodic
[1455] merged -> A Strange Hymn
[1456] merged -> Dark Harmony
[1457] NEW: Taunting Destiny by Amelia Hutchins (7 tropes, spice Explicit)
[1458] merged -> Escaping Destiny
[1459] NEW: Seducing Destiny by Amelia Hutchins (8 tropes, spice Explicit)
[1461] NEW: Starfall Station by Lindsay Buroker (2 tropes, spice Tame)
[1462] merged -> Our Violent Ends
    403 — cooling off 60s (attempt 1)
    403 — cooling off 120s (attempt 2)
    403 — cooling off 180s (attempt 3)
[1464] HTTP 403 (will retry on a later run)
    403 — cooling off 60s (attempt 1)
    403 — cooling off 120s (attempt 2)
    403 — cooling off 180s (attempt 3)
[1465] HTTP 403 (will retry on a later run)
    403 — cooling off 60s (attempt 1)
    403 — cooling off 120s (attempt 2)
[1472] merged -> Vengeful
[1477] merged -> Heir to the Shadows
[1478] merged -> Queen of the Darkness
[1479] merged -> Murder of Crows
    403 — cooling off 60s (attempt 1)
    403 — cooling off 120s (attempt 2)
    403 — cooling off 180s (attempt 3)
[1480] HTTP 403 (will retry on a later run)
    403 — cooling off 60s (attempt 1)
    403 — cooling off 120s (attempt 2)
    403 — cooling off 180s (attempt 3)
[1481] HTTP 403 (will retry on a later run)
    403 — cooling off 60s (attempt 1)
    403 — cooling off 120s (attempt 2)
[1482] merged -> Etched in Bone
[1488] NEW: White Hot by Ilona Andrews (7 tropes, spice Medium Spice)
[1489] merged -> Wildfire
[1490] merged -> Fallen Academy: Year One
[1491] merged -> Fallen Academy: Year One
[1494] NEW: Persuasion by Jaymin Eve & Jane Washington (6 tropes, spice Tame)
[1495] merged -> Seduction
    403 — cooling off 60s (attempt 1)
    403 — cooling off 120s (attempt 2)
    403 — cooling off 180s (attempt 3)
[1496] HTTP 403 (will retry on a later run)
    403 — cooling off 60s (attempt 1)
    403 — cooling off 120s (attempt 2)
    403 — cooling off 180s (attempt 3)
[1497] HTTP 403 (will retry on a later run)
    403 — cooling off 60s (attempt 1)
    403 — cooling off 120s (attempt 2)
[1508] merged -> Muse of Nightmares
[1509] merged -> The Oleander Sword
[1510] NEW: The Lotus Throne by Tasha Suri (7 tropes, spice Medium Spice)
[1511] NEW: Protect the Prince by Jennifer Estep (5 tropes, spice Tame)
    403 — cooling off 60s (attempt 1)
    403 — cooling off 120s (attempt 2)
    403 — cooling off 180s (attempt 3)
[1512] HTTP 403 (will retry on a later run)
    403 — cooling off 60s (attempt 1)
    403 — cooling off 120s (attempt 2)
    403 — cooling off 180s (attempt 3)
[1513] HTTP 403 (will retry on a later run)
    403 — cooling off 60s (attempt 1)
    403 — cooling off 120s (attempt 2)
[1516] NEW: Magic Redeemed by K.M. Shea (7 tropes, spice Tame)
[1517] merged -> Prince's Gambit
[1518] merged -> Kings Rising
[1519] merged -> The Librarian and the Orc
[1521] merged -> That Time I Got Drunk and Yeeted a Love Potion at a Werewolf
[1522] merged -> That Time I Got Drunk and Saved a Human
[1525] merged -> Ten Thousand Stitches
    403 — cooling off 60s (attempt 1)
    403 — cooling off 120s (attempt 2)
    403 — cooling off 180s (attempt 3)
[1528] HTTP 403 (will retry on a later run)
    403 — cooling off 60s (attempt 1)
    403 — cooling off 120s (attempt 2)
    403 — cooling off 180s (attempt 3)
[1529] HTTP 403 (will retry on a later run)
    403 — cooling off 60s (attempt 1)
    403 — cooling off 120s (attempt 2)
[1530] merged -> Mercy
[1531] merged -> Paladin's Strength
[1532] merged -> Paladin's Hope
[1533] merged -> Paladin's Faith
[1537] merged -> Restless Slumber
[1538] NEW: Deadly Dreams by K.J. Sutton (7 tropes, spice Explicit)
[1539] merged -> Beautiful Nightmares
[1540] merged -> The Cursed
[1541] merged -> Somewhere Beyond the Sea
[1543] merged -> Raised in Fire
    403 — cooling off 60s (attempt 1)
    403 — cooling off 120s (attempt 2)
    403 — cooling off 180s (attempt 3)
[1544] HTTP 403 (will retry on a later run)
    403 — cooling off 60s (attempt 1)
    403 — cooling off 120s (attempt 2)
    403 — cooling off 180s (attempt 3)
[1545] HTTP 403 (will retry on a later run)
    403 — cooling off 60s (attempt 1)
    403 — cooling off 120s (attempt 2)
[1547] NEW: Queen of Anarchy by Eva Ashwood (8 tropes, spice Explicit)
[1548] NEW: Reign of Wrath by Eva Ashwood (10 tropes, spice Explicit)
[1549] NEW: Aurora Blazing by Jessie Mihalik (8 tropes, spice Explicit)
[1550] merged -> Chaos Reigning
    403 — cooling off 60s (attempt 1)
    403 — cooling off 120s (attempt 2)
    403 — cooling off 180s (attempt 3)
[1560] HTTP 403 (will retry on a later run)
    403 — cooling off 60s (attempt 1)
    403 — cooling off 120s (attempt 2)
    403 — cooling off 180s (attempt 3)
[1561] HTTP 403 (will retry on a later run)
    403 — cooling off 60s (attempt 1)
    403 — cooling off 120s (attempt 2)
[1566] NEW: Virgins for Vampires: Volume 2 - The Huntress by Alicia Gemstone (3 tropes, spice Explicit)
[1567] NEW: Mist's Edge by T.A. White (4 tropes, spice Medium Spice)
[1568] NEW: Wayfarer's Keep by T.A. White (5 tropes, spice Tame)
[1569] NEW: A Touch of Poison by Clare Sager (7 tropes, spice Explicit)
[1571] merged -> What Did You Do?
[1572] merged -> The Unseelie King
[1573] NEW: Fallen Court by Geneva Lee (8 tropes, spice Explicit)
[1574] merged -> Promise of Peridot
[1575] merged -> A Reign of Rose
    403 — cooling off 60s (attempt 1)
    403 — cooling off 120s (attempt 2)
    403 — cooling off 180s (attempt 3)
[1576] HTTP 403 (will retry on a later run)
    403 — cooling off 60s (attempt 1)
    403 — cooling off 120s (attempt 2)
    403 — cooling off 180s (attempt 3)
[1577] HTTP 403 (will retry on a later run)
    403 — cooling off 60s (attempt 1)
    403 — cooling off 120s (attempt 2)
[1579] NEW: To Wear a Fae Crown by Tessonja Odette (5 tropes, spice Tame)
[1580] NEW: To Spark a Fae War by Tessonja Odette (5 tropes, spice Medium Spice)
[1583] NEW: A Vicious Game by Melissa Blair (5 tropes, spice Explicit)
[1589] merged -> Say You'll Remember Me
[1590] merged -> Just For The Summer
[1591] merged -> Yours Truly
    403 — cooling off 60s (attempt 1)
    403 — cooling off 120s (attempt 2)
    403 — cooling off 180s (attempt 3)
[1592] HTTP 403 (will retry on a later run)
    403 — cooling off 60s (attempt 1)
    403 — cooling off 120s (attempt 2)
    403 — cooling off 180s (attempt 3)
[1593] HTTP 403 (will retry on a later run)
    403 — cooling off 60s (attempt 1)
    403 — cooling off 120s (attempt 2)
[1594] NEW: The Happy Ever After Playlist by Abby Jimenez (5 tropes, spice Medium Spice)
[1595] merged -> The Friend Zone
[1599] merged -> Accomplice to the Villain
[1600] merged -> King of Envy
[1602] merged -> Wild Side
[1604] merged -> Tourist Season
[1605] merged -> Story of My Life
    403 — cooling off 60s (attempt 1)
    403 — cooling off 120s (attempt 2)
    403 — cooling off 180s (attempt 3)
[1608] HTTP 403 (will retry on a later run)
    403 — cooling off 60s (attempt 1)
    403 — cooling off 120s (attempt 2)
    403 — cooling off 180s (attempt 3)
[1609] HTTP 403 (will retry on a later run)
    403 — cooling off 60s (attempt 1)
    403 — cooling off 120s (attempt 2)
[1613] merged -> The Favorites
[1615] merged -> Can't Get Enough
[1616] merged -> Immortal
[1617] merged -> Beg, Borrow, or Steal
[1618] merged -> Till Summer Do Us Part
[1619] merged -> Spiral
[1620] NEW: Love Arranged by Lauren Asher (7 tropes, spice Explicit)
[1623] NEW: The Mating Game by Lana Ferguson (8 tropes, spice Explicit)
    403 — cooling off 60s (attempt 1)
    403 — cooling off 120s (attempt 2)
    403 — cooling off 180s (attempt 3)
[1624] HTTP 403 (will retry on a later run)
    403 — cooling off 60s (attempt 1)
    403 — cooling off 120s (attempt 2)
    403 — cooling off 180s (attempt 3)
[1625] HTTP 403 (will retry on a later run)
    403 — cooling off 60s (attempt 1)
    403 — cooling off 120s (attempt 2)
[1626] merged -> Crowntide
[1627] merged -> The Fallen and the Kiss of Dusk
[1628] merged -> Fate of the Sun King
[1629] merged -> Tale of the Heart Queen
[1630] merged -> These Infinite Threads
[1631] merged -> All This Twisted Glory
[1632] merged -> Watch Me
[1633] merged -> Believe Me
[1634] merged -> The Everlasting
[1635] merged -> Heavenly Bodies
[1636] merged -> The Bond That Burns
[1637] NEW: Tempest of Wrath and Vengeance by Melissa K. Roehrich (9 tropes, spice Explicit)
[1638] merged -> Dawn of Chaos and Fury
[1639] merged -> Fearful
    403 — cooling off 60s (attempt 1)
    403 — cooling off 120s (attempt 2)
    403 — cooling off 180s (attempt 3)
[1640] HTTP 403 (will retry on a later run)
    403 — cooling off 60s (attempt 1)
    403 — cooling off 120s (attempt 2)
    403 — cooling off 180s (attempt 3)
[1641] HTTP 403 (will retry on a later run)
    403 — cooling off 60s (attempt 1)
    403 — cooling off 120s (attempt 2)
[1642] merged -> Beyond The Veil
[1654] merged -> An Arcane Inheritance
[1655] merged -> Fallen Gods
    403 — cooling off 60s (attempt 1)
    403 — cooling off 120s (attempt 2)
    403 — cooling off 180s (attempt 3)
[1656] HTTP 403 (will retry on a later run)
    403 — cooling off 60s (attempt 1)
    403 — cooling off 120s (attempt 2)
    403 — cooling off 180s (attempt 3)
[1657] HTTP 403 (will retry on a later run)
    403 — cooling off 60s (attempt 1)
    403 — cooling off 120s (attempt 2)
[1658] merged -> Persephone's Curse
[1659] merged -> Something Wicked
[1660] NEW: An Archive of Romance by Ava Reid (2 tropes, spice Tame)
[1661] merged -> Daggermouth
[1662] NEW: The Last Vampire by Romina Garber (3 tropes, spice Tame)
[1663] NEW: A Crown of Ruin by Leora M. Dillow (5 tropes, spice Tame)
[1664] NEW: Kingdom of Today by Gena Showalter (6 tropes, spice Tame)
[1666] merged -> The Tempest Blade
[1669] NEW: Strange Familiars by Keshe Chow (8 tropes, spice Explicit)
[1670] merged -> The Swan's Daughter
[1671] merged -> This Kingdom Will Not Kill Me
    403 — cooling off 60s (attempt 1)
    403 — cooling off 120s (attempt 2)
    403 — cooling off 180s (attempt 3)
[1672] HTTP 403 (will retry on a later run)
    403 — cooling off 60s (attempt 1)
    403 — cooling off 120s (attempt 2)
    403 — cooling off 180s (attempt 3)
[1673] HTTP 403 (will retry on a later run)
    403 — cooling off 60s (attempt 1)
    403 — cooling off 120s (attempt 2)
[1675] merged -> Half City
[1676] NEW: Crown of War and Shadow by J.R. Ward (10 tropes, spice Tame)
[1677] NEW: A Forsaken Prophecy by Stacey McEwan (6 tropes, spice Medium Spice)
[1680] merged -> The Exquisite Torment of Loving Your Enemy
[1681] merged -> Weavingshaw
[1682] NEW: This Blade of Ours by Shalini Abeysekara (5 tropes, spice Explicit)
[1683] NEW: Music in the Shadows by Shweta Kistan (10 tropes, spice Tame)
[1684] merged -> Seek the Traitor's Son
[1686] NEW: Six Bullets and a Crown by Alexis Calder (6 tropes, spice Explicit)
[1687] NEW: A Curse of Beasts and Magic by Jeaniene Frost (7 tropes, spice Explicit)
    403 — cooling off 60s (attempt 1)
    403 — cooling off 120s (attempt 2)
    403 — cooling off 180s (attempt 3)
[1688] HTTP 403 (will retry on a later run)
    403 — cooling off 60s (attempt 1)
    403 — cooling off 120s (attempt 2)
    403 — cooling off 180s (attempt 3)
[1689] HTTP 403 (will retry on a later run)
    403 — cooling off 60s (attempt 1)
    403 — cooling off 120s (attempt 2)
[1690] NEW: Heart's Gambit by J.D. Myall (10 tropes, spice Tame)
[1691] NEW: The Geomagician by Jennifer Mandula (3 tropes, spice Tame)
[1692] NEW: A Practical Guide to Dating a Demon by Hannah Reynolds (5 tropes, spice No Spice)
[1693] NEW: In the Wake of the Ruined by Kalie Cassidy (6 tropes, spice Explicit)
[1694] NEW: King of Ravens by Clare Sager (7 tropes, spice Medium Spice)
[1695] NEW: Wicked Onyx by Debbie Cassidy (6 tropes, spice Tame)
[1697] NEW: The Wicked and the Damned by Rebecca Robinson (5 tropes, spice Explicit)
[1698] merged -> Nobody's Quest
[1700] NEW: The Weight Of Ash And Gold by Emily Miller (7 tropes, spice Tame)
[1701] NEW: Witch of the Shadow Wood by Tori Anne Martin (5 tropes, spice Explicit)
[1702] NEW: The Library of Amorlin by Kalyn Josephson (4 tropes, spice Tame)
[1703] merged -> Midnight on the Celestial
    403 — cooling off 60s (attempt 1)
    403 — cooling off 120s (attempt 2)
    403 — cooling off 180s (attempt 3)
[1704] HTTP 403 (will retry on a later run)
    403 — cooling off 60s (attempt 1)
    403 — cooling off 120s (attempt 2)
    403 — cooling off 180s (attempt 3)
[1705] HTTP 403 (will retry on a later run)
    403 — cooling off 60s (attempt 1)
    403 — cooling off 120s (attempt 2)
[1706] NEW: When Dealing with Dragons by Dana Swift (5 tropes, spice Tame)
[1708] NEW: Bloodsinger by Juliette Cross (9 tropes, spice Explicit)
[1709] NEW: Manor of Decay by Maxym M. Martineau (8 tropes, spice Explicit)
[1711] NEW: Witch Season by Julia Bianco (5 tropes, spice Medium Spice)
[1712] NEW: The Lies that Summon the Night by Tessonja Odette (7 tropes, spice Explicit)
[1714] NEW: The Winged Game by Sophie Kim (8 tropes, spice Tame)
[1715] NEW: A Barista's Guide to Love & Larceny by Caroline Bonin (7 tropes, spice Tame)
[1716] NEW: A Fracture in Forever by Sam Northman (6 tropes, spice Explicit)
[1717] NEW: A Siren Song by Elizabeth Douka (5 tropes, spice Tame)
[1718] NEW: Daughter of the Hunt by Helen Scott (7 tropes, spice Tame)
[1719] NEW: The Fox Heir by Briar Knightly (5 tropes, spice Explicit)
    403 — cooling off 60s (attempt 1)
    403 — cooling off 120s (attempt 2)
    403 — cooling off 180s (attempt 3)
[1720] HTTP 403 (will retry on a later run)
    403 — cooling off 60s (attempt 1)
    403 — cooling off 120s (attempt 2)
    403 — cooling off 180s (attempt 3)
[1721] HTTP 403 (will retry on a later run)
    403 — cooling off 60s (attempt 1)
    403 — cooling off 120s (attempt 2)
[1722] merged -> The River She Became
[1723] NEW: The Protector and the Annihilation by Naila Moonsi (6 tropes, spice Tame)
[1725] merged -> Our Infinite Fates
[1727] NEW: Sorrow & Strangers by Jeanette Rose & Alexis Rune (8 tropes, spice Explicit)
[1728] merged -> The Secret World of Briar Rose
[1729] NEW: The Neon Sky by Alyssa Villaire (7 tropes, spice Tame)
[1730] merged -> Fruit of the Flesh
[1732] NEW: Storm Breaker by Nisha J. Tuli (6 tropes, spice Tame)
[1733] NEW: Entwined by H.M. Long (6 tropes, spice Tame)
[1735] NEW: A Kiss of Crimson Ash by Anuja Varghese (5 tropes, spice Explicit)
    403 — cooling off 60s (attempt 1)
    403 — cooling off 120s (attempt 2)
    403 — cooling off 180s (attempt 3)
[1736] HTTP 403 (will retry on a later run)
    403 — cooling off 60s (attempt 1)
    403 — cooling off 120s (attempt 2)
    403 — cooling off 180s (attempt 3)
[1737] HTTP 403 (will retry on a later run)
    403 — cooling off 60s (attempt 1)
    403 — cooling off 120s (attempt 2)
[1738] NEW: Sparking Fire Out of Fate by Brigid Kemmerer (7 tropes, spice Tame)
[1739] NEW: The Alchemary by Rachel Vincent (9 tropes, spice Tame)
[1740] merged -> Queen of Faces
[1741] NEW: The Eagle and the Wolf by Alexandria Warwick (6 tropes, spice Tame)
[1743] NEW: The Vampire Castle in the Sky by Iris Lake (7 tropes, spice Medium Spice)
[1744] merged -> The Irresistible Urge to Fall For Your Enemy
[1745] NEW: Sea of Evil and Desire by J. Střelou (6 tropes, spice Tame)
[1746] NEW: Enigma by RuNyx (8 tropes, spice Explicit)
[1747] NEW: Immortal Consequences by I.V. Marie (6 tropes, spice Tame)
[1748] merged -> Alchemy of Secrets
[1749] merged -> Never Ever After
    403 — cooling off 60s (attempt 1)
    403 — cooling off 120s (attempt 2)
    403 — cooling off 180s (attempt 3)
[1752] HTTP 403 (will retry on a later run)
    403 — cooling off 60s (attempt 1)
    403 — cooling off 120s (attempt 2)
    403 — cooling off 180s (attempt 3)
[1753] HTTP 403 (will retry on a later run)
    403 — cooling off 60s (attempt 1)
    403 — cooling off 120s (attempt 2)
[1755] merged -> The Sleepless
[1758] merged -> The Nightshade God
[1764] NEW: Cruel Is the Light by Sophie Clark (11 tropes, spice Tame)
[1765] merged -> Witch of the Wolves
[1767] merged -> Swordheart
    403 — cooling off 60s (attempt 1)
    403 — cooling off 120s (attempt 2)
    403 — cooling off 180s (attempt 3)
[1768] HTTP 403 (will retry on a later run)
    403 — cooling off 60s (attempt 1)
    403 — cooling off 120s (attempt 2)
    403 — cooling off 180s (attempt 3)
[1769] HTTP 403 (will retry on a later run)
    403 — cooling off 60s (attempt 1)
    403 — cooling off 120s (attempt 2)
[1770] NEW: Court of Veiled Secrets by Nadia Benem (10 tropes, spice Explicit)
[1771] NEW: Of Earthly Delights by Goldy Moldavsky (7 tropes, spice Tame)
[1772] NEW: The Lavender Blade: An Exorcist's Chronicle by E.L. Deards (3 tropes, spice Explicit)
[1773] NEW: A Kiss of Hammer and Flame by Amy de la Force (7 tropes, spice Tame)
[1774] merged -> The Dark Mirror
[1775] merged -> The Nightblood Prince
[1776] merged -> A Fate Forged in Fire
[1777] merged -> Soul of Shadow
[1778] merged -> Blood Moon
[1779] NEW: Warrior of the Drowned Empire by Frankie Diane Mallis (8 tropes, spice Medium Spice)
[1780] NEW: Heir of Illusion by Madeline Taylor (10 tropes, spice Medium Spice)
[1781] NEW: The Forest King's Daughter by Elly Blake (6 tropes, spice Tame)
[1782] NEW: Black and Blue Widow by Rhiannon Rollness (6 tropes, spice Explicit)
[1783] NEW: What Sleeps Within the Cove by Harper L. Woods (6 tropes, spice Explicit)
    403 — cooling off 60s (attempt 1)
    403 — cooling off 120s (attempt 2)
    403 — cooling off 180s (attempt 3)
[1784] HTTP 403 (will retry on a later run)
    403 — cooling off 60s (attempt 1)
    403 — cooling off 120s (attempt 2)
    403 — cooling off 180s (attempt 3)
[1785] HTTP 403 (will retry on a later run)
    403 — cooling off 60s (attempt 1)
    403 — cooling off 120s (attempt 2)
[1786] merged -> Tenderly, I Am Devoured
[1787] NEW: What Blooms From Death by S.M. Gaither (6 tropes, spice Tame)
[1788] NEW: The Enemy’s Daughter by Melissa Poett (7 tropes, spice Tame)
[1789] NEW: Lady Quindan's Councillor by Agathe Moire (4 tropes, spice Tame)
[1790] NEW: To Carve A Wolf: Dark Omegaverse Romance by Lavinia Călina (7 tropes, spice Explicit)
[1792] NEW: Shadowvein by L. Ann (5 tropes, spice Tame)
[1793] NEW: The Little Shop of Grand Curiosities by Iris Lake (5 tropes, spice Tame)
[1794] merged -> Restore Me
[1795] merged -> Echo Fort
[1797] NEW: The Monsters We Are by Suzanne Wright (4 tropes, spice Explicit)
[1798] merged -> The Book of Heartbreak
[1799] NEW: Embrace the Serpent by Sunya Mara (7 tropes, spice Tame)
    403 — cooling off 60s (attempt 1)
    403 — cooling off 120s (attempt 2)
    403 — cooling off 180s (attempt 3)
[1800] HTTP 403 (will retry on a later run)
    403 — cooling off 60s (attempt 1)
    403 — cooling off 120s (attempt 2)
    403 — cooling off 180s (attempt 3)
[1801] HTTP 403 (will retry on a later run)
    403 — cooling off 60s (attempt 1)
    403 — cooling off 120s (attempt 2)
[1802] merged -> The Beasts We Bury
[1803] NEW: To Steal from Thieves by M.K. Lobb (5 tropes, spice Tame)
[1804] NEW: Lies on the Serpent's Tongue by Kate Pearsall (4 tropes, spice Tame)
[1805] merged -> A Curious Kind of Magic
[1806] merged -> The House Saphir
[1807] merged -> Thorn Season
[1808] merged -> Heir of Storms
[1809] NEW: Fate of the Five: Veil of Vasara by Niamh Rose (8 tropes, spice Tame)
[1810] NEW: He Who Slumbers Beneath the Mountain by Elle Montague (8 tropes, spice Medium Spice)
[1811] NEW: Nyx & Sol: A Steampunk Romantasy by Monika Nyre (3 tropes, spice Medium Spice)
[1812] NEW: Deathbound by Heather Palmer (5 tropes, spice Tame)
[1813] NEW: Conjuring & Crossroads by Luciana Morfa (5 tropes, spice Tame)
[1814] NEW: The Artist and the Dragon by Megan Van Dyke (7 tropes, spice Tame)
[1815] NEW: Curse of the Sun and Stars by Zara Storm (8 tropes, spice Medium Spice)
    403 — cooling off 60s (attempt 1)
    403 — cooling off 120s (attempt 2)
    403 — cooling off 180s (attempt 3)
[1816] HTTP 403 (will retry on a later run)
    403 — cooling off 60s (attempt 1)
    403 — cooling off 120s (attempt 2)
    403 — cooling off 180s (attempt 3)
[1817] HTTP 403 (will retry on a later run)
    403 — cooling off 60s (attempt 1)
    403 — cooling off 120s (attempt 2)
[1818] NEW: Healer to the Broken King by Avie Adams (5 tropes, spice Tame)
[1819] NEW: Witches in Shadow by Kathryn Guild (5 tropes, spice Tame)
[1820] NEW: Feathers of Ash and Hope by K.J. Altair (6 tropes, spice Tame)
[1821] NEW: Nine-Tenths by J.M. Frey (6 tropes, spice Tame)
[1824] NEW: A Tale of Fate and Fury by Freya Lojord (6 tropes, spice Tame)
[1825] NEW: The Curse of Arheea by Elena Druță (5 tropes, spice Tame)
[1827] NEW: The Shard and The Serpent by Jinapher J. Hoffman (10 tropes, spice Medium Spice)
[1828] NEW: Frosthaven Bakery by Jenny Sandiford (8 tropes, spice Tame)
[1829] NEW: SEAL TEAM THUNDER DRAGONS: Cheating Death by Augusta Wright (6 tropes, spice Tame)
[1830] NEW: A Guardian Angel's Journey by Leon W. Poldy (3 tropes, spice Tame)
[1831] NEW: Secrets of the Deep by Marisa Noelle (6 tropes, spice Tame)
    403 — cooling off 60s (attempt 1)
    403 — cooling off 120s (attempt 2)
    403 — cooling off 180s (attempt 3)
[1832] HTTP 403 (will retry on a later run)
    403 — cooling off 60s (attempt 1)
    403 — cooling off 120s (attempt 2)
    403 — cooling off 180s (attempt 3)
[1833] HTTP 403 (will retry on a later run)
    403 — cooling off 60s (attempt 1)
    403 — cooling off 120s (attempt 2)
[1834] NEW: Quest for Atlantis by Marisa Noelle (6 tropes, spice No Spice)
[1835] NEW: Vendetta: A Forbidden Love, Enemies to Lovers Fantasy Romance Retelling by Marisa Noelle (5 tropes, spice Tame)
[1836] NEW: The Forbidden Dragon King by Rosemary A. Johns (18 tropes, spice Explicit)
[1837] NEW: The Secret Romantic's Book of Magic by Marie O'Regan (9 tropes, spice Explicit)
[1838] NEW: Ghost Pirates by Marisa Noelle (3 tropes, spice Tame)
[1839] NEW: Fight for Freedom by Marisa Noelle (6 tropes, spice Tame)
[1840] NEW: Bound by Ali Hazelwood (10 tropes, spice Medium Spice)
[1841] NEW: Vorago Returns: A Forbidden Love, Enemies to Lovers Fantasy Romance Retelling by Marisa Noelle (5 tropes, spice Explicit)
[1842] NEW: Denizens of Darkness: A Forbidden Love, Enemies to Lovers Fantasy Romance Retelling by Marisa Noelle (5 tropes, spice Explicit)
[1843] NEW: A Fate So Cold by Amanda Foody, C.L. Herman (5 tropes, spice Tame)
[1844] NEW: Visions of Darkness by A.L. Jackson (6 tropes, spice Tame)
[1845] merged -> The Jasad Crown
[1846] merged -> Mystery Royale
[1847] NEW: Marked by Moonlight by Sharie Kohler (6 tropes, spice Tame)
    403 — cooling off 60s (attempt 1)
    403 — cooling off 120s (attempt 2)
    403 — cooling off 180s (attempt 3)
[1848] HTTP 403 (will retry on a later run)
    403 — cooling off 60s (attempt 1)
    403 — cooling off 120s (attempt 2)
    403 — cooling off 180s (attempt 3)
[1849] HTTP 403 (will retry on a later run)
    403 — cooling off 60s (attempt 1)
    403 — cooling off 120s (attempt 2)
[1850] merged -> The Crimson Throne
[1851] merged -> Moth Dark
[1852] NEW: The Prince of Mourning by Jenn Bennett (4 tropes, spice Tame)
[1854] NEW: House of Night by Celia Aaron (6 tropes, spice Tame)
[1855] NEW: A Vow of Shadow and Blood by Charlene Antrobus (6 tropes, spice Tame)
[1856] merged -> The Wind Weaver
[1857] merged -> Fury Bound
[1858] NEW: Scorched Skies by E.J. Mellow (6 tropes, spice Medium Spice)
[1859] NEW: Den of Liars by Jessica S. Olson (6 tropes, spice Tame)
[1860] NEW: Of Flame and Fury by Mikayla Bridge (5 tropes, spice Tame)
[1861] NEW: This Monster of Mine by Shalini Abeysekara (6 tropes, spice Tame)
[1862] merged -> Blood & Betrayals
[1863] NEW: The Sacred Space Between by Kalie Reid (3 tropes, spice Tame)
    403 — cooling off 60s (attempt 1)
    403 — cooling off 120s (attempt 2)
    403 — cooling off 180s (attempt 3)
[1864] HTTP 403 (will retry on a later run)
    403 — cooling off 60s (attempt 1)
    403 — cooling off 120s (attempt 2)
    403 — cooling off 180s (attempt 3)
[1865] HTTP 403 (will retry on a later run)
    403 — cooling off 60s (attempt 1)
    403 — cooling off 120s (attempt 2)
[1866] NEW: Voidwalker by S.A. MacLean (9 tropes, spice Explicit)
[1867] NEW: The Last Wish of Bristol Keats by Mary E. Pearson (6 tropes, spice Tame)
[1868] NEW: Mary & Brite by Cass Geller (6 tropes, spice Tame)
[1869] NEW: Wayward Gods by Amanda M. Helander (4 tropes, spice Medium Spice)
[1870] NEW: The Death-Made Prince by Lisette Marshall (6 tropes, spice Medium Spice)
[1871] NEW: Ravenminder by Lindsay Cummings (7 tropes, spice Tame)
[1872] NEW: Ember Eternal by Chloe Neill (3 tropes, spice Tame)
[1874] merged -> A Court This Cruel and Lovely
[1875] merged -> House of Salt and Sorrows
[1876] merged -> Foxglove
    403 — cooling off 60s (attempt 1)
    403 — cooling off 120s (attempt 2)
    403 — cooling off 180s (attempt 3)
[1880] HTTP 403 (will retry on a later run)
    403 — cooling off 60s (attempt 1)
    403 — cooling off 120s (attempt 2)
    403 — cooling off 180s (attempt 3)
[1881] HTTP 403 (will retry on a later run)
    403 — cooling off 60s (attempt 1)
    403 — cooling off 120s (attempt 2)
[1882] NEW: The Shadow Bride by Shelby Mahurin (5 tropes, spice Medium Spice)
[1885] merged -> The Courting of Bristol Keats
[1886] merged -> Where the Dark Stands Still
[1888] NEW: Academy of Villains by Ever King (7 tropes, spice Tame)
[1889] NEW: The Warden of the Purple Night by Elena Druță (8 tropes, spice Medium Spice)
[1892] merged -> Grace and Glory
[1893] NEW: The Brightest Night by Jennifer L. Armentrout (8 tropes, spice Medium Spice)
[1894] merged -> Rage and Ruin
    403 — cooling off 60s (attempt 1)
    403 — cooling off 120s (attempt 2)
    403 — cooling off 180s (attempt 3)
[1896] HTTP 403 (will retry on a later run)
    403 — cooling off 60s (attempt 1)
    403 — cooling off 120s (attempt 2)
    403 — cooling off 180s (attempt 3)
[1897] HTTP 403 (will retry on a later run)
    403 — cooling off 60s (attempt 1)
    403 — cooling off 120s (attempt 2)
[1898] NEW: Kingdom of Shadow and Light by Karen Marie Moning (6 tropes, spice Explicit)
[1900] NEW: Beneath These Cursed Stars by Lexi Ryan (7 tropes, spice Tame)
[1901] NEW: Hollow Heathens: Book of Blackwell by Nicole Fiorina (8 tropes, spice Tame)
[1904] merged -> Heir
[1906] merged -> Twilight
[1907] merged -> Halfway to the Grave
[1908] merged -> Darkfever
[1909] merged -> Dead Until Dark (Sookie Stackhouse, #1)
[1910] merged -> Moon Called
[1911] merged -> City of Bones
    403 — cooling off 60s (attempt 1)
    403 — cooling off 120s (attempt 2)
    403 — cooling off 180s (attempt 3)
[1912] HTTP 403 (will retry on a later run)
    403 — cooling off 60s (attempt 1)
    403 — cooling off 120s (attempt 2)
    403 — cooling off 180s (attempt 3)
[1913] HTTP 403 (will retry on a later run)
    403 — cooling off 60s (attempt 1)
    403 — cooling off 120s (attempt 2)
[1914] merged -> Slave to Sensation
[1915] merged -> Clockwork Angel
[1916] merged -> Kiss of Midnight (The Midnight Breed, Book 1)
[1917] merged -> Marked
[1918] merged -> Guilty Pleasures (Anita Blake Vampire Hunter)
[1919] merged -> Pleasure Unbound
[1920] NEW: The Warlord Wants Forever by Kresley Cole (5 tropes, spice Explicit)
[1921] merged -> Fallen
[1922] merged -> Bloodlines
[1923] merged -> Dead Witch Walking
[1924] merged -> Obsidian
[1925] merged -> Some Girls Bite (Chicagoland Vampires, #1)
[1926] merged -> Beyond the Highland Mist (Highlander)
[1927] merged -> Vampire Academy
    403 — cooling off 60s (attempt 1)
    403 — cooling off 120s (attempt 2)
    403 — cooling off 180s (attempt 3)
[1928] HTTP 403 (will retry on a later run)
    403 — cooling off 60s (attempt 1)
    403 — cooling off 120s (attempt 2)
    403 — cooling off 180s (attempt 3)
[1929] HTTP 403 (will retry on a later run)
    403 — cooling off 60s (attempt 1)
    403 — cooling off 120s (attempt 2)
[1930] merged -> Evermore
[1931] merged -> Once Burned
[1932] merged -> Glass Houses
[1933] merged -> The Iron King
[1934] merged -> Covet
[1935] merged -> The Summoning
[1936] merged -> A Quick Bite
[1937] merged -> First Grave on the Right
[1938] merged -> Dragon Bound
[1939] merged -> First Drop of Crimson
[1940] merged -> A kiss of shadows
[1941] merged -> Beautiful Creatures (Beautiful Creatures Series, Book 1)
[1942] merged -> Blue bloods
[1943] NEW: How to Marry a Millionaire Vampire by Kerrelyn Sparks (7 tropes, spice Medium Spice)
    403 — cooling off 60s (attempt 1)
    403 — cooling off 120s (attempt 2)
    403 — cooling off 180s (attempt 3)
[1944] HTTP 403 (will retry on a later run)
    403 — cooling off 60s (attempt 1)
    403 — cooling off 120s (attempt 2)
    403 — cooling off 180s (attempt 3)
[1945] HTTP 403 (will retry on a later run)
    403 — cooling off 60s (attempt 1)
    403 — cooling off 120s (attempt 2)
[1946] merged -> Soulless
[1947] merged -> Stray
[1948] merged -> Undead and unwed
[1949] merged -> Full Moon Rising (Riley Jensen, Guardian, Book 1)
[1950] NEW: Touch the Dark by Karen Chance (7 tropes, spice Tame)
[1951] merged -> Storm Born
[1952] merged -> The Mane Event
[1953] merged -> Interview With the Vampire
[1954] merged -> Dragon Actually
[1955] NEW: Tempting the Beast by Lora Leigh (7 tropes, spice Explicit)
[1956] NEW: Shadowland by Jenny Carroll (0 tropes, spice Tame)
[1958] NEW: Shadow Game by Christine Feehan (6 tropes, spice Tame)
[1959] merged -> Born of Night
    403 — cooling off 60s (attempt 1)
    403 — cooling off 120s (attempt 2)
    403 — cooling off 180s (attempt 3)
[1960] HTTP 403 (will retry on a later run)
    403 — cooling off 60s (attempt 1)
    403 — cooling off 120s (attempt 2)
    403 — cooling off 180s (attempt 3)
[1961] HTTP 403 (will retry on a later run)
    403 — cooling off 60s (attempt 1)
    403 — cooling off 120s (attempt 2)
[1962] merged -> Nice Girls Don't Have Fangs
[1964] NEW: You Slay Me by Katie MacAlister (8 tropes, spice Tame)
[1965] merged -> Vampire Kisses
[1966] merged -> Half-Blood
[1967] NEW: Mermen by Mimi Jean Pamfiloff (6 tropes, spice Tame)
[1968] merged -> Wake
[1969] merged -> Born at Midnight
[1970] merged -> Midnight's Daughter
[1971] merged -> A Great and Terrible Beauty
[1972] merged -> The Rogue Hunter
[1974] merged -> Spider's Bite
[1975] merged -> When Darkness Comes
    403 — cooling off 60s (attempt 1)
    403 — cooling off 120s (attempt 2)
    403 — cooling off 180s (attempt 3)
[1976] HTTP 403 (will retry on a later run)
    403 — cooling off 60s (attempt 1)
    403 — cooling off 120s (attempt 2)
    403 — cooling off 180s (attempt 3)
[1977] HTTP 403 (will retry on a later run)
    403 — cooling off 60s (attempt 1)
    403 — cooling off 120s (attempt 2)
[1978] merged -> Skinwalker
[1979] merged -> My Soul to Take
[1980] merged -> Need (Need #1)
[1981] merged -> Strange Angels (Strange Angels, #1)
[1982] NEW: Pride Mates by Jennifer Ashley (8 tropes, spice Explicit)
[1983] merged -> Night Pleasures
[1984] merged -> Grave Witch (Alex Craft)
[1985] NEW: Fury by Laurann Dohner (7 tropes, spice Explicit)
[1986] merged -> A Girl's Guide to Vampires
[1988] merged -> Switched
[1989] merged -> Vampire Knight, Vol. 12
[1990] merged -> Unholy Ghosts
    403 — cooling off 60s (attempt 1)
    403 — cooling off 120s (attempt 2)
    403 — cooling off 180s (attempt 3)
[1992] HTTP 403 (will retry on a later run)
    403 — cooling off 60s (attempt 1)
    403 — cooling off 120s (attempt 2)
    403 — cooling off 180s (attempt 3)
[1993] HTTP 403 (will retry on a later run)
    403 — cooling off 60s (attempt 1)
    403 — cooling off 120s (attempt 2)
[1994] NEW: If Angels Burn by Lynn Viehl (5 tropes, spice Tame)
[1995] merged -> The Keeper of Lonely Spirits
[1997] NEW: The Hunter and Her Witch by Rachel Sullivan (7 tropes, spice Explicit)
[1999] merged -> When the Tides Held the Moon
[2000] NEW: Sweet Obsession by Katee Robert (8 tropes, spice Explicit)

Done. Added 160, updated 207, already-complete 17, missing/empty ids 227. Processed this run: 611.
Now run: python sync_db.py --refresh
