28,760 nonfiction/poetry_drama books pending

  ...200/28,760 | resolved 60
  ...400/28,760 | resolved 124
  ...600/28,760 | resolved 196
  ...800/28,760 | resolved 272
  ...1,000/28,760 | resolved 357
  ...1,200/28,760 | resolved 428
  ...1,400/28,760 | resolved 507
  ...1,600/28,760 | resolved 570
  ...1,800/28,760 | resolved 625
  ...2,000/28,760 | resolved 681
  ...2,200/28,760 | resolved 734
  ...2,400/28,760 | resolved 764
  ...2,600/28,760 | resolved 779
  ...2,800/28,760 | resolved 788
  ...3,000/28,760 | resolved 791
  ...3,200/28,760 | resolved 798
  ...3,400/28,760 | resolved 803
  ...3,600/28,760 | resolved 807
  ...3,800/28,760 | resolved 816
  ...4,000/28,760 | resolved 825
  ...4,200/28,760 | resolved 836
  ...4,400/28,760 | resolved 847
  ...4,600/28,760 | resolved 857
  ...4,800/28,760 | resolved 868
  ...5,000/28,760 | resolved 878
  ...5,200/28,760 | resolved 891
  ...5,400/28,760 | resolved 903
  ...5,600/28,760 | resolved 910
  ...5,800/28,760 | resolved 924
  ...6,000/28,760 | resolved 936
  ...6,200/28,760 | resolved 945
  ...6,400/28,760 | resolved 954
  ...6,600/28,760 | resolved 961
  ...6,800/28,760 | resolved 969
  ...7,000/28,760 | resolved 987
  ...7,200/28,760 | resolved 994
  ...7,400/28,760 | resolved 994
  ...7,600/28,760 | resolved 1,001
  ...7,800/28,760 | resolved 1,035
  ...8,000/28,760 | resolved 1,040
  ...8,200/28,760 | resolved 1,047
  ...8,400/28,760 | resolved 1,052
  ...8,600/28,760 | resolved 1,056
  ...8,800/28,760 | resolved 1,078
  ...9,000/28,760 | resolved 1,094
  ...9,200/28,760 | resolved 1,106
  ...9,400/28,760 | resolved 1,125
  ...9,600/28,760 | resolved 1,141
  ...9,800/28,760 | resolved 1,162
  ...10,000/28,760 | resolved 1,165
  ...10,200/28,760 | resolved 1,167
  ...10,400/28,760 | resolved 1,170
  ...10,600/28,760 | resolved 1,172
  ...10,800/28,760 | resolved 1,177
  ...11,000/28,760 | resolved 1,183
  ...11,200/28,760 | resolved 1,189
  ...11,400/28,760 | resolved 1,193
  ...11,600/28,760 | resolved 1,202
  ...11,800/28,760 | resolved 1,207
  ...12,000/28,760 | resolved 1,218
  ...12,200/28,760 | resolved 1,220
  ...12,400/28,760 | resolved 1,231
  ...12,600/28,760 | resolved 1,251
  ...12,800/28,760 | resolved 1,271
  ...13,000/28,760 | resolved 1,297
  ...13,200/28,760 | resolved 1,306
  ...13,400/28,760 | resolved 1,310
  ...13,600/28,760 | resolved 1,318
  ...13,800/28,760 | resolved 1,336
  ...14,000/28,760 | resolved 1,356
  ...14,200/28,760 | resolved 1,376
  ...14,400/28,760 | resolved 1,387
  ...14,600/28,760 | resolved 1,412
  ...14,800/28,760 | resolved 1,436
  ...15,000/28,760 | resolved 1,447
  ...15,200/28,760 | resolved 1,464
  ...15,400/28,760 | resolved 1,470
  ...15,600/28,760 | resolved 1,475
  ...15,800/28,760 | resolved 1,486
  ...16,000/28,760 | resolved 1,497
  ...16,200/28,760 | resolved 1,503
  ...16,400/28,760 | resolved 1,511
  ...16,600/28,760 | resolved 1,514
  ...16,800/28,760 | resolved 1,522
  ...17,000/28,760 | resolved 1,526
  ...17,200/28,760 | resolved 1,532
  ...17,400/28,760 | resolved 1,542
  ...17,600/28,760 | resolved 1,551
  ...17,800/28,760 | resolved 1,563
  ...18,000/28,760 | resolved 1,575
  ...18,200/28,760 | resolved 1,582
  ...18,400/28,760 | resolved 1,590
  ...18,600/28,760 | resolved 1,595
  ...18,800/28,760 | resolved 1,603
  ...19,000/28,760 | resolved 1,612
  ...19,200/28,760 | resolved 1,617
  ...19,400/28,760 | resolved 1,621
  ...19,600/28,760 | resolved 1,625
  ...19,800/28,760 | resolved 1,633
  ...20,000/28,760 | resolved 1,640
  ...20,200/28,760 | resolved 1,649
  ...20,400/28,760 | resolved 1,661
  ...20,600/28,760 | resolved 1,672
  ...20,800/28,760 | resolved 1,673
  ...21,000/28,760 | resolved 1,680
  ...21,200/28,760 | resolved 1,688
  ...21,400/28,760 | resolved 1,694
  ...21,600/28,760 | resolved 1,704
  ...21,800/28,760 | resolved 1,713
  ...22,000/28,760 | resolved 1,720
  ...22,200/28,760 | resolved 1,724
  ...22,400/28,760 | resolved 1,729
  ...22,600/28,760 | resolved 1,735
  ...22,800/28,760 | resolved 1,747
  ...23,000/28,760 | resolved 1,756
  ...23,200/28,760 | resolved 1,764
  ...23,400/28,760 | resolved 1,775
  ...23,600/28,760 | resolved 1,784
  ...23,800/28,760 | resolved 1,795
  ...24,000/28,760 | resolved 1,805
  ...24,200/28,760 | resolved 1,813
  ...24,400/28,760 | resolved 1,824
  ...24,600/28,760 | resolved 1,829
  ...24,800/28,760 | resolved 1,842
  ...25,000/28,760 | resolved 1,852
  ...25,200/28,760 | resolved 1,859
  ...25,400/28,760 | resolved 1,863
  ...25,600/28,760 | resolved 1,871
  ...25,800/28,760 | resolved 1,884
  ...26,000/28,760 | resolved 1,893
  ...26,200/28,760 | resolved 1,900
  ...26,400/28,760 | resolved 1,907
  ...26,600/28,760 | resolved 1,915
  ...26,800/28,760 | resolved 1,933
  ...27,000/28,760 | resolved 1,942
  ...27,200/28,760 | resolved 1,948
  ...27,400/28,760 | resolved 1,954
  ...27,600/28,760 | resolved 1,963
  ...27,800/28,760 | resolved 1,970
  ...28,000/28,760 | resolved 1,979
  ...28,200/28,760 | resolved 1,987
  ...28,400/28,760 | resolved 1,993
  ...28,600/28,760 | resolved 2,001

done.
  insufficient_-> phase4      26,749
  resolved_deterministic       2,011
  net_calls                        0

Zero tokens spent. Resolved books skip Phase 4 entirely.
